// Jest Snapshot v1, https://goo.gl/fbAQLP

exports[`Dashboard Routes Should Redirect to settings 1`] = `null`;
