// Jest Snapshot v1, https://goo.gl/fbAQLP

exports[`Dashboard Routes Should render 1`] = `
<div
  className="flex flex-col min-h-screen"
>
  <div
    className="w-screen h-[8vh] z-10 bg-white dark:bg-dark-bg fixed border-b"
  >
    <div
      className="px-3 flex items-center w-full h-full"
    >
      <div
        className="flex px-5 lg:hidden"
      >
        <div
          onClick={[Function]}
        >
          <svg
            aria-hidden="true"
            className="w-7 dark:text-dark-text-fill"
            fill="none"
            stroke="currentColor"
            strokeWidth={2}
            viewBox="0 0 24 24"
            xmlns="http://www.w3.org/2000/svg"
          >
            <path
              d="M4 6h16M4 12h16M4 18h16"
              strokeLinecap="round"
              strokeLinejoin="round"
            />
          </svg>
        </div>
      </div>
      <div
        className="flex items-center h-full lg:w-full"
      >
        <a
          className="flex flex-row lg:px-5"
          href="/dashboard/super-admin"
          onClick={[Function]}
        >
          <img
            alt="logo"
            className="w-full cursor-pointer mr-2"
            src={Object {}}
          />
        </a>
        <div
          className="relative"
        >
          <svg
            aria-hidden="true"
            className="hidden lg:flex w-5 absolute lg:ml-6 lg:mt-2 text-gray-400"
            fill="currentColor"
            viewBox="0 0 20 20"
            xmlns="http://www.w3.org/2000/svg"
          >
            <path
              clipRule="evenodd"
              d="M8 4a4 4 0 100 8 4 4 0 000-8zM2 8a6 6 0 1110.89 3.476l4.817 4.817a1 1 0 01-1.414 1.414l-4.816-4.816A6 6 0 012 8z"
              fillRule="evenodd"
            />
          </svg>
          <input
            className="hidden lg:flex text-gray-400 dark:text-dark-text-fill dark:bg-dark-bg border border-gray-600 rounded-md w-72 ml-4 pl-8 py-1"
            id="search"
            name="Search"
            placeholder="Search"
            type="text"
          />
        </div>
      </div>
      <svg
        aria-hidden="true"
        className="w-6 cursor-pointer ml-auto dark:text-dark-text-fill"
        fill="currentColor"
        viewBox="0 0 20 20"
        xmlns="http://www.w3.org/2000/svg"
      >
        <path
          d="M10 2a6 6 0 00-6 6v3.586l-.707.707A1 1 0 004 14h12a1 1 0 00.707-1.707L16 11.586V8a6 6 0 00-6-6zM10 18a3 3 0 01-3-3h6a3 3 0 01-3 3z"
        />
      </svg>
      <img
        alt="avatar"
        className="w-6 cursor-pointer ml-4 mr-8"
        src={Object {}}
      />
    </div>
    <ul
      className="hidden"
    >
      <div
        className="flex pt-2 h-[92%] flex-col fixed h-[100%] lg:w-[25vh] pt-[3vh] lg:pt-[11vh] bg-white dark:bg-dark-bg border-r py-4 pl-4"
      >
        <div
          className="list-none pr-8"
        >
          <li
            className="mb-4 hover:text-primary"
          >
            <a
              aria-current="page"
              className="flex flex-row active"
              href="/#link"
              onClick={[Function]}
            >
              <svg
                aria-hidden="true"
                className="w-5 mr-2 dark:text-dark-text-fill"
                fill="currentColor"
                viewBox="0 0 20 20"
                xmlns="http://www.w3.org/2000/svg"
              >
                <path
                  d="M2 10a8 8 0 018-8v8h8a8 8 0 11-16 0z"
                />
                <path
                  d="M12 2.252A8.014 8.014 0 0117.748 8H12V2.252z"
                />
              </svg>
              <span
                className="text-base dark:text-dark-text-fill"
              >
                Dashboard
              </span>
            </a>
          </li>
          <li
            className="mb-4 hover:text-primary"
          >
            <a
              aria-current="page"
              className="flex flex-row active"
              href="/#link"
              onClick={[Function]}
            >
              <svg
                aria-hidden="true"
                className=" w-5 mr-2 dark:text-dark-text-fill"
                fill="currentColor"
                viewBox="0 0 20 20"
                xmlns="http://www.w3.org/2000/svg"
              >
                <path
                  d="M13 6a3 3 0 11-6 0 3 3 0 016 0zM18 8a2 2 0 11-4 0 2 2 0 014 0zM14 15a4 4 0 00-8 0v3h8v-3zM6 8a2 2 0 11-4 0 2 2 0 014 0zM16 18v-3a5.972 5.972 0 00-.75-2.906A3.005 3.005 0 0119 15v3h-3zM4.75 12.094A5.973 5.973 0 004 15v3H1v-3a3 3 0 013.75-2.906z"
                />
              </svg>
              <span
                className="text-base dark:text-dark-text-fill"
              >
                Organizations
              </span>
            </a>
          </li>
          <li
            className="mb-4 hover:text-primary"
          >
            <a
              aria-current="page"
              className="flex flex-row active"
              href="/#link"
              onClick={[Function]}
            >
              <svg
                aria-hidden="true"
                className="w-5 mr-2 dark:text-dark-text-fill"
                fill="currentColor"
                viewBox="0 0 20 20"
                xmlns="http://www.w3.org/2000/svg"
              >
                <path
                  d="M9 6a3 3 0 11-6 0 3 3 0 016 0zM17 6a3 3 0 11-6 0 3 3 0 016 0zM12.93 17c.046-.327.07-.66.07-1a6.97 6.97 0 00-1.5-4.33A5 5 0 0119 16v1h-6.07zM6 11a5 5 0 015 5v1H1v-1a5 5 0 015-5z"
                />
              </svg>
              <span
                className="text-base dark:text-dark-text-fill"
              >
                Admins
              </span>
            </a>
          </li>
          <li
            className="mb-4 hover:text-primary"
          >
            <a
              aria-current="page"
              className="flex flex-row active"
              href="/#link"
              onClick={[Function]}
            >
              <svg
                aria-hidden="true"
                className="w-5 mr-2 dark:text-dark-text-fill"
                fill="currentColor"
                viewBox="0 0 20 20"
                xmlns="http://www.w3.org/2000/svg"
              >
                <path
                  clipRule="evenodd"
                  d="M4.083 9h1.946c.089-1.546.383-2.97.837-4.118A6.004 6.004 0 004.083 9zM10 2a8 8 0 100 16 8 8 0 000-16zm0 2c-.076 0-.232.032-.465.262-.238.234-.497.623-.737 1.182-.389.907-.673 2.142-.766 3.556h3.936c-.093-1.414-.377-2.649-.766-3.556-.24-.56-.5-.948-.737-1.182C10.232 4.032 10.076 4 10 4zm3.971 5c-.089-1.546-.383-2.97-.837-4.118A6.004 6.004 0 0115.917 9h-1.946zm-2.003 2H8.032c.093 1.414.377 2.649.766 3.556.24.56.5.948.737 1.182.233.23.389.262.465.262.076 0 .232-.032.465-.262.238-.234.498-.623.737-1.182.389-.907.673-2.142.766-3.556zm1.166 4.118c.454-1.147.748-2.572.837-4.118h1.946a6.004 6.004 0 01-2.783 4.118zm-6.268 0C6.412 13.97 6.118 12.546 6.03 11H4.083a6.004 6.004 0 002.783 4.118z"
                  fillRule="evenodd"
                />
              </svg>
              <span
                className="text-base dark:text-dark-text-fill"
              >
                Domains
              </span>
            </a>
          </li>
          <li
            className="mb-4 hover:text-primary"
          >
            <a
              className="flex flex-row"
              href="/trainee/attendance"
              onClick={[Function]}
            >
              <svg
                aria-hidden="true"
                className="w-5 mr-2 dark:text-dark-text-fill"
                fill="currentColor"
                viewBox="0 0 20 20"
                xmlns="http://www.w3.org/2000/svg"
              >
                <path
                  d="M9 2a1 1 0 000 2h2a1 1 0 100-2H9z"
                />
                <path
                  clipRule="evenodd"
                  d="M4 5a2 2 0 012-2 3 3 0 003 3h2a3 3 0 003-3 2 2 0 012 2v11a2 2 0 01-2 2H6a2 2 0 01-2-2V5zm9.707 5.707a1 1 0 00-1.414-1.414L9 12.586l-1.293-1.293a1 1 0 00-1.414 1.414l2 2a1 1 0 001.414 0l4-4z"
                  fillRule="evenodd"
                />
              </svg>
              <span
                className="text-base dark:text-dark-text-fill"
              >
                Attendance
              </span>
            </a>
          </li>
          <li
            className="mb-4 hover:text-primary"
          >
            <a
              className="flex flex-row"
              href="/admin/manage"
              onClick={[Function]}
            >
              <svg
                aria-hidden="true"
                className="w-5 mr-2 dark:text-dark-text-fill"
                fill="currentColor"
                viewBox="0 0 20 20"
                xmlns="http://www.w3.org/2000/svg"
              >
                <path
                  d="M9 6a3 3 0 11-6 0 3 3 0 016 0zM17 6a3 3 0 11-6 0 3 3 0 016 0zM12.93 17c.046-.327.07-.66.07-1a6.97 6.97 0 00-1.5-4.33A5 5 0 0119 16v1h-6.07zM6 11a5 5 0 015 5v1H1v-1a5 5 0 015-5z"
                />
              </svg>
              <span
                className="text-base dark:text-dark-text-fill"
              >
                Manageroles
              </span>
            </a>
          </li>
          <li
            className="mb-4 hover:text-primary"
          >
            <a
              className="flex flex-row"
              href="/admin/cohorts"
              onClick={[Function]}
            >
              <svg
                aria-hidden="true"
                className="w-5 mr-2 dark:text-dark-text-fill"
                fill="currentColor"
                viewBox="0 0 20 20"
                xmlns="http://www.w3.org/2000/svg"
              >
                <path
                  d="M9 6a3 3 0 11-6 0 3 3 0 016 0zM17 6a3 3 0 11-6 0 3 3 0 016 0zM12.93 17c.046-.327.07-.66.07-1a6.97 6.97 0 00-1.5-4.33A5 5 0 0119 16v1h-6.07zM6 11a5 5 0 015 5v1H1v-1a5 5 0 015-5z"
                />
              </svg>
              <span
                className="text-base dark:text-dark-text-fill"
              >
                Cohort
              </span>
            </a>
          </li>
          <li
            className="mb-4 hover:text-primary"
          >
            <a
              className="flex flex-row"
              href="/trainee/performance"
              onClick={[Function]}
            >
              <svg
                aria-hidden="true"
                className="w-5 mr-2 dark:text-dark-text-fill"
                fill="currentColor"
                viewBox="0 0 20 20"
                xmlns="http://www.w3.org/2000/svg"
              >
                <path
                  clipRule="evenodd"
                  d="M12 7a1 1 0 110-2h5a1 1 0 011 1v5a1 1 0 11-2 0V8.414l-4.293 4.293a1 1 0 01-1.414 0L8 10.414l-4.293 4.293a1 1 0 01-1.414-1.414l5-5a1 1 0 011.414 0L11 10.586 14.586 7H12z"
                  fillRule="evenodd"
                />
              </svg>
              <span
                className="text-base dark:text-dark-text-fill"
              >
                Perfomance
              </span>
            </a>
          </li>
          <li
            className="mb-4 hover:text-primary"
          >
            <a
              className="flex flex-row"
              href="/admin/session"
              onClick={[Function]}
            >
              <svg
                aria-hidden="true"
                className="w-5 mr-2 dark:text-dark-text-fill"
                fill="currentColor"
                viewBox="0 0 20 20"
                xmlns="http://www.w3.org/2000/svg"
              >
                <path
                  d="M9 6a3 3 0 11-6 0 3 3 0 016 0zM17 6a3 3 0 11-6 0 3 3 0 016 0zM12.93 17c.046-.327.07-.66.07-1a6.97 6.97 0 00-1.5-4.33A5 5 0 0119 16v1h-6.07zM6 11a5 5 0 015 5v1H1v-1a5 5 0 015-5z"
                />
              </svg>
              <span
                className="text-base dark:text-dark-text-fill"
              >
                Session
              </span>
            </a>
          </li>
          <li
            className="mb-4 hover:text-primary"
          >
            <a
              aria-current="page"
              className="flex flex-row active"
              href="/#link"
              onClick={[Function]}
            >
              <svg
                aria-hidden="true"
                className="w-5 mr-2 dark:text-dark-text-fill"
                fill="currentColor"
                viewBox="0 0 20 20"
                xmlns="http://www.w3.org/2000/svg"
              >
                <path
                  clipRule="evenodd"
                  d="M4.083 9h1.946c.089-1.546.383-2.97.837-4.118A6.004 6.004 0 004.083 9zM10 2a8 8 0 100 16 8 8 0 000-16zm0 2c-.076 0-.232.032-.465.262-.238.234-.497.623-.737 1.182-.389.907-.673 2.142-.766 3.556h3.936c-.093-1.414-.377-2.649-.766-3.556-.24-.56-.5-.948-.737-1.182C10.232 4.032 10.076 4 10 4zm3.971 5c-.089-1.546-.383-2.97-.837-4.118A6.004 6.004 0 0115.917 9h-1.946zm-2.003 2H8.032c.093 1.414.377 2.649.766 3.556.24.56.5.948.737 1.182.233.23.389.262.465.262.076 0 .232-.032.465-.262.238-.234.498-.623.737-1.182.389-.907.673-2.142.766-3.556zm1.166 4.118c.454-1.147.748-2.572.837-4.118h1.946a6.004 6.004 0 01-2.783 4.118zm-6.268 0C6.412 13.97 6.118 12.546 6.03 11H4.083a6.004 6.004 0 002.783 4.118z"
                  fillRule="evenodd"
                />
              </svg>
              <span
                className="text-base dark:text-dark-text-fill"
              >
                Domains
              </span>
            </a>
          </li>
          <li
            className="mb-4 hover:text-primary"
          >
            <a
              aria-current="page"
              className="flex flex-row active"
              href="/#link"
              onClick={[Function]}
            >
              <svg
                aria-hidden="true"
                className="w-5 mr-2 dark:text-dark-text-fill"
                fill="currentColor"
                viewBox="0 0 20 20"
                xmlns="http://www.w3.org/2000/svg"
              >
                <path
                  d="M8.707 7.293a1 1 0 00-1.414 1.414l2 2a1 1 0 001.414 0l2-2a1 1 0 00-1.414-1.414L11 7.586V3a1 1 0 10-2 0v4.586l-.293-.293z"
                />
                <path
                  d="M3 5a2 2 0 012-2h1a1 1 0 010 2H5v7h2l1 2h4l1-2h2V5h-1a1 1 0 110-2h1a2 2 0 012 2v10a2 2 0 01-2 2H5a2 2 0 01-2-2V5z"
                />
              </svg>
              <span
                className="text-base dark:text-dark-text-fill"
              >
                Notifications
              </span>
            </a>
          </li>
          <li
            className="mb-4 hover:text-primary"
          >
            <a
              aria-current="page"
              className="flex flex-row active"
              href="/#link"
              onClick={[Function]}
            >
              <svg
                aria-hidden="true"
                className="w-5 mr-2 dark:text-dark-text-fill"
                fill="currentColor"
                viewBox="0 0 20 20"
                xmlns="http://www.w3.org/2000/svg"
              >
                <path
                  clipRule="evenodd"
                  d="M6 2a1 1 0 00-1 1v1H4a2 2 0 00-2 2v10a2 2 0 002 2h12a2 2 0 002-2V6a2 2 0 00-2-2h-1V3a1 1 0 10-2 0v1H7V3a1 1 0 00-1-1zm0 5a1 1 0 000 2h8a1 1 0 100-2H6z"
                  fillRule="evenodd"
                />
              </svg>
              <span
                className="text-base dark:text-dark-text-fill"
              >
                Calendar
              </span>
            </a>
          </li>
          <li
            className="mb-4 hover:text-primary"
          >
            <a
              aria-current="page"
              className="flex flex-row active"
              href="/#link"
              onClick={[Function]}
            >
              <svg
                aria-hidden="true"
                className="w-5 mr-2 dark:text-dark-text-fill"
                fill="currentColor"
                viewBox="0 0 20 20"
                xmlns="http://www.w3.org/2000/svg"
              >
                <path
                  d="M2 6a2 2 0 012-2h5l2 2h5a2 2 0 012 2v6a2 2 0 01-2 2H4a2 2 0 01-2-2V6z"
                />
              </svg>
              <span
                className="text-base dark:text-dark-text-fill"
              >
                Docs
              </span>
            </a>
          </li>
          <li
            className="mb-4 hover:text-primary"
          >
            <a
              aria-current="page"
              className="flex flex-row active"
              href="/#link"
              onClick={[Function]}
            >
              <svg
                aria-hidden="true"
                className="w-5 mr-2 dark:text-dark-text-fill"
                fill="currentColor"
                viewBox="0 0 20 20"
                xmlns="http://www.w3.org/2000/svg"
              >
                <path
                  clipRule="evenodd"
                  d="M18 10a8 8 0 11-16 0 8 8 0 0116 0zm-2 0c0 .993-.241 1.929-.668 2.754l-1.524-1.525a3.997 3.997 0 00.078-2.183l1.562-1.562C15.802 8.249 16 9.1 16 10zm-5.165 3.913l1.58 1.58A5.98 5.98 0 0110 16a5.976 5.976 0 01-2.516-.552l1.562-1.562a4.006 4.006 0 001.789.027zm-4.677-2.796a4.002 4.002 0 01-.041-2.08l-.08.08-1.53-1.533A5.98 5.98 0 004 10c0 .954.223 1.856.619 2.657l1.54-1.54zm1.088-6.45A5.974 5.974 0 0110 4c.954 0 1.856.223 2.657.619l-1.54 1.54a4.002 4.002 0 00-2.346.033L7.246 4.668zM12 10a2 2 0 11-4 0 2 2 0 014 0z"
                  fillRule="evenodd"
                />
              </svg>
              <span
                className="text-base dark:text-dark-text-fill"
              >
                Help
              </span>
            </a>
          </li>
        </div>
        <div
          className="flex flex-row ml-10 mt-auto list-none"
        >
          <li>
            <a
              aria-current="page"
              className="active"
              href="/#link"
              onClick={[Function]}
            >
              <svg
                aria-hidden="true"
                className="w-5 mr-2 hover:text-primary dark:text-dark-text-fill"
                fill="currentColor"
                viewBox="0 0 20 20"
                xmlns="http://www.w3.org/2000/svg"
              >
                <path
                  d="M5 4a1 1 0 00-2 0v7.268a2 2 0 000 3.464V16a1 1 0 102 0v-1.268a2 2 0 000-3.464V4zM11 4a1 1 0 10-2 0v1.268a2 2 0 000 3.464V16a1 1 0 102 0V8.732a2 2 0 000-3.464V4zM16 3a1 1 0 011 1v7.268a2 2 0 010 3.464V16a1 1 0 11-2 0v-1.268a2 2 0 010-3.464V4a1 1 0 011-1z"
                />
              </svg>
            </a>
          </li>
          <li>
            <a
              className=""
              href="/settings"
              onClick={[Function]}
            >
              <svg
                aria-hidden="true"
                className="w-5 hover:text-primary dark:text-dark-text-fill"
                fill="none"
                stroke="currentColor"
                strokeWidth={2}
                viewBox="0 0 24 24"
                xmlns="http://www.w3.org/2000/svg"
              >
                <path
                  d="M10.325 4.317c.426-1.756 2.924-1.756 3.35 0a1.724 1.724 0 002.573 1.066c1.543-.94 3.31.826 2.37 2.37a1.724 1.724 0 001.065 2.572c1.756.426 1.756 2.924 0 3.35a1.724 1.724 0 00-1.066 2.573c.94 1.543-.826 3.31-2.37 2.37a1.724 1.724 0 00-2.572 1.065c-.426 1.756-2.924 1.756-3.35 0a1.724 1.724 0 00-2.573-1.066c-1.543.94-3.31-.826-2.37-2.37a1.724 1.724 0 00-1.065-2.572c-1.756-.426-1.756-2.924 0-3.35a1.724 1.724 0 001.066-2.573c-.94-1.543.826-3.31 2.37-2.37.996.608 2.296.07 2.572-1.065z"
                  strokeLinecap="round"
                  strokeLinejoin="round"
                />
                <path
                  d="M15 12a3 3 0 11-6 0 3 3 0 016 0z"
                  strokeLinecap="round"
                  strokeLinejoin="round"
                />
              </svg>
            </a>
          </li>
        </div>
      </div>
    </ul>
  </div>
  <div
    className="hidden lg:flex flex-col fixed h-[100%] lg:w-[25vh] pt-[3vh] lg:pt-[11vh] bg-white dark:bg-dark-bg border-r py-4 pl-4"
  >
    <div
      className="list-none pr-8"
    >
      <li
        className="mb-4 hover:text-primary"
      >
        <a
          aria-current="page"
          className="flex flex-row active"
          href="/#link"
          onClick={[Function]}
        >
          <svg
            aria-hidden="true"
            className="w-5 mr-2 dark:text-dark-text-fill"
            fill="currentColor"
            viewBox="0 0 20 20"
            xmlns="http://www.w3.org/2000/svg"
          >
            <path
              d="M2 10a8 8 0 018-8v8h8a8 8 0 11-16 0z"
            />
            <path
              d="M12 2.252A8.014 8.014 0 0117.748 8H12V2.252z"
            />
          </svg>
          <span
            className="text-base dark:text-dark-text-fill"
          >
            Dashboard
          </span>
        </a>
      </li>
      <li
        className="mb-4 hover:text-primary"
      >
        <a
          aria-current="page"
          className="flex flex-row active"
          href="/#link"
          onClick={[Function]}
        >
          <svg
            aria-hidden="true"
            className=" w-5 mr-2 dark:text-dark-text-fill"
            fill="currentColor"
            viewBox="0 0 20 20"
            xmlns="http://www.w3.org/2000/svg"
          >
            <path
              d="M13 6a3 3 0 11-6 0 3 3 0 016 0zM18 8a2 2 0 11-4 0 2 2 0 014 0zM14 15a4 4 0 00-8 0v3h8v-3zM6 8a2 2 0 11-4 0 2 2 0 014 0zM16 18v-3a5.972 5.972 0 00-.75-2.906A3.005 3.005 0 0119 15v3h-3zM4.75 12.094A5.973 5.973 0 004 15v3H1v-3a3 3 0 013.75-2.906z"
            />
          </svg>
          <span
            className="text-base dark:text-dark-text-fill"
          >
            Organizations
          </span>
        </a>
      </li>
      <li
        className="mb-4 hover:text-primary"
      >
        <a
          aria-current="page"
          className="flex flex-row active"
          href="/#link"
          onClick={[Function]}
        >
          <svg
            aria-hidden="true"
            className="w-5 mr-2 dark:text-dark-text-fill"
            fill="currentColor"
            viewBox="0 0 20 20"
            xmlns="http://www.w3.org/2000/svg"
          >
            <path
              d="M9 6a3 3 0 11-6 0 3 3 0 016 0zM17 6a3 3 0 11-6 0 3 3 0 016 0zM12.93 17c.046-.327.07-.66.07-1a6.97 6.97 0 00-1.5-4.33A5 5 0 0119 16v1h-6.07zM6 11a5 5 0 015 5v1H1v-1a5 5 0 015-5z"
            />
          </svg>
          <span
            className="text-base dark:text-dark-text-fill"
          >
            Admins
          </span>
        </a>
      </li>
      <li
        className="mb-4 hover:text-primary"
      >
        <a
          aria-current="page"
          className="flex flex-row active"
          href="/#link"
          onClick={[Function]}
        >
          <svg
            aria-hidden="true"
            className="w-5 mr-2 dark:text-dark-text-fill"
            fill="currentColor"
            viewBox="0 0 20 20"
            xmlns="http://www.w3.org/2000/svg"
          >
            <path
              clipRule="evenodd"
              d="M4.083 9h1.946c.089-1.546.383-2.97.837-4.118A6.004 6.004 0 004.083 9zM10 2a8 8 0 100 16 8 8 0 000-16zm0 2c-.076 0-.232.032-.465.262-.238.234-.497.623-.737 1.182-.389.907-.673 2.142-.766 3.556h3.936c-.093-1.414-.377-2.649-.766-3.556-.24-.56-.5-.948-.737-1.182C10.232 4.032 10.076 4 10 4zm3.971 5c-.089-1.546-.383-2.97-.837-4.118A6.004 6.004 0 0115.917 9h-1.946zm-2.003 2H8.032c.093 1.414.377 2.649.766 3.556.24.56.5.948.737 1.182.233.23.389.262.465.262.076 0 .232-.032.465-.262.238-.234.498-.623.737-1.182.389-.907.673-2.142.766-3.556zm1.166 4.118c.454-1.147.748-2.572.837-4.118h1.946a6.004 6.004 0 01-2.783 4.118zm-6.268 0C6.412 13.97 6.118 12.546 6.03 11H4.083a6.004 6.004 0 002.783 4.118z"
              fillRule="evenodd"
            />
          </svg>
          <span
            className="text-base dark:text-dark-text-fill"
          >
            Domains
          </span>
        </a>
      </li>
      <li
        className="mb-4 hover:text-primary"
      >
        <a
          className="flex flex-row"
          href="/trainee/attendance"
          onClick={[Function]}
        >
          <svg
            aria-hidden="true"
            className="w-5 mr-2 dark:text-dark-text-fill"
            fill="currentColor"
            viewBox="0 0 20 20"
            xmlns="http://www.w3.org/2000/svg"
          >
            <path
              d="M9 2a1 1 0 000 2h2a1 1 0 100-2H9z"
            />
            <path
              clipRule="evenodd"
              d="M4 5a2 2 0 012-2 3 3 0 003 3h2a3 3 0 003-3 2 2 0 012 2v11a2 2 0 01-2 2H6a2 2 0 01-2-2V5zm9.707 5.707a1 1 0 00-1.414-1.414L9 12.586l-1.293-1.293a1 1 0 00-1.414 1.414l2 2a1 1 0 001.414 0l4-4z"
              fillRule="evenodd"
            />
          </svg>
          <span
            className="text-base dark:text-dark-text-fill"
          >
            Attendance
          </span>
        </a>
      </li>
      <li
        className="mb-4 hover:text-primary"
      >
        <a
          className="flex flex-row"
          href="/admin/manage"
          onClick={[Function]}
        >
          <svg
            aria-hidden="true"
            className="w-5 mr-2 dark:text-dark-text-fill"
            fill="currentColor"
            viewBox="0 0 20 20"
            xmlns="http://www.w3.org/2000/svg"
          >
            <path
              d="M9 6a3 3 0 11-6 0 3 3 0 016 0zM17 6a3 3 0 11-6 0 3 3 0 016 0zM12.93 17c.046-.327.07-.66.07-1a6.97 6.97 0 00-1.5-4.33A5 5 0 0119 16v1h-6.07zM6 11a5 5 0 015 5v1H1v-1a5 5 0 015-5z"
            />
          </svg>
          <span
            className="text-base dark:text-dark-text-fill"
          >
            Manageroles
          </span>
        </a>
      </li>
      <li
        className="mb-4 hover:text-primary"
      >
        <a
          className="flex flex-row"
          href="/admin/cohorts"
          onClick={[Function]}
        >
          <svg
            aria-hidden="true"
            className="w-5 mr-2 dark:text-dark-text-fill"
            fill="currentColor"
            viewBox="0 0 20 20"
            xmlns="http://www.w3.org/2000/svg"
          >
            <path
              d="M9 6a3 3 0 11-6 0 3 3 0 016 0zM17 6a3 3 0 11-6 0 3 3 0 016 0zM12.93 17c.046-.327.07-.66.07-1a6.97 6.97 0 00-1.5-4.33A5 5 0 0119 16v1h-6.07zM6 11a5 5 0 015 5v1H1v-1a5 5 0 015-5z"
            />
          </svg>
          <span
            className="text-base dark:text-dark-text-fill"
          >
            Cohort
          </span>
        </a>
      </li>
      <li
        className="mb-4 hover:text-primary"
      >
        <a
          className="flex flex-row"
          href="/trainee/performance"
          onClick={[Function]}
        >
          <svg
            aria-hidden="true"
            className="w-5 mr-2 dark:text-dark-text-fill"
            fill="currentColor"
            viewBox="0 0 20 20"
            xmlns="http://www.w3.org/2000/svg"
          >
            <path
              clipRule="evenodd"
              d="M12 7a1 1 0 110-2h5a1 1 0 011 1v5a1 1 0 11-2 0V8.414l-4.293 4.293a1 1 0 01-1.414 0L8 10.414l-4.293 4.293a1 1 0 01-1.414-1.414l5-5a1 1 0 011.414 0L11 10.586 14.586 7H12z"
              fillRule="evenodd"
            />
          </svg>
          <span
            className="text-base dark:text-dark-text-fill"
          >
            Perfomance
          </span>
        </a>
      </li>
      <li
        className="mb-4 hover:text-primary"
      >
        <a
          className="flex flex-row"
          href="/admin/session"
          onClick={[Function]}
        >
          <svg
            aria-hidden="true"
            className="w-5 mr-2 dark:text-dark-text-fill"
            fill="currentColor"
            viewBox="0 0 20 20"
            xmlns="http://www.w3.org/2000/svg"
          >
            <path
              d="M9 6a3 3 0 11-6 0 3 3 0 016 0zM17 6a3 3 0 11-6 0 3 3 0 016 0zM12.93 17c.046-.327.07-.66.07-1a6.97 6.97 0 00-1.5-4.33A5 5 0 0119 16v1h-6.07zM6 11a5 5 0 015 5v1H1v-1a5 5 0 015-5z"
            />
          </svg>
          <span
            className="text-base dark:text-dark-text-fill"
          >
            Session
          </span>
        </a>
      </li>
      <li
        className="mb-4 hover:text-primary"
      >
        <a
          aria-current="page"
          className="flex flex-row active"
          href="/#link"
          onClick={[Function]}
        >
          <svg
            aria-hidden="true"
            className="w-5 mr-2 dark:text-dark-text-fill"
            fill="currentColor"
            viewBox="0 0 20 20"
            xmlns="http://www.w3.org/2000/svg"
          >
            <path
              clipRule="evenodd"
              d="M4.083 9h1.946c.089-1.546.383-2.97.837-4.118A6.004 6.004 0 004.083 9zM10 2a8 8 0 100 16 8 8 0 000-16zm0 2c-.076 0-.232.032-.465.262-.238.234-.497.623-.737 1.182-.389.907-.673 2.142-.766 3.556h3.936c-.093-1.414-.377-2.649-.766-3.556-.24-.56-.5-.948-.737-1.182C10.232 4.032 10.076 4 10 4zm3.971 5c-.089-1.546-.383-2.97-.837-4.118A6.004 6.004 0 0115.917 9h-1.946zm-2.003 2H8.032c.093 1.414.377 2.649.766 3.556.24.56.5.948.737 1.182.233.23.389.262.465.262.076 0 .232-.032.465-.262.238-.234.498-.623.737-1.182.389-.907.673-2.142.766-3.556zm1.166 4.118c.454-1.147.748-2.572.837-4.118h1.946a6.004 6.004 0 01-2.783 4.118zm-6.268 0C6.412 13.97 6.118 12.546 6.03 11H4.083a6.004 6.004 0 002.783 4.118z"
              fillRule="evenodd"
            />
          </svg>
          <span
            className="text-base dark:text-dark-text-fill"
          >
            Domains
          </span>
        </a>
      </li>
      <li
        className="mb-4 hover:text-primary"
      >
        <a
          aria-current="page"
          className="flex flex-row active"
          href="/#link"
          onClick={[Function]}
        >
          <svg
            aria-hidden="true"
            className="w-5 mr-2 dark:text-dark-text-fill"
            fill="currentColor"
            viewBox="0 0 20 20"
            xmlns="http://www.w3.org/2000/svg"
          >
            <path
              d="M8.707 7.293a1 1 0 00-1.414 1.414l2 2a1 1 0 001.414 0l2-2a1 1 0 00-1.414-1.414L11 7.586V3a1 1 0 10-2 0v4.586l-.293-.293z"
            />
            <path
              d="M3 5a2 2 0 012-2h1a1 1 0 010 2H5v7h2l1 2h4l1-2h2V5h-1a1 1 0 110-2h1a2 2 0 012 2v10a2 2 0 01-2 2H5a2 2 0 01-2-2V5z"
            />
          </svg>
          <span
            className="text-base dark:text-dark-text-fill"
          >
            Notifications
          </span>
        </a>
      </li>
      <li
        className="mb-4 hover:text-primary"
      >
        <a
          aria-current="page"
          className="flex flex-row active"
          href="/#link"
          onClick={[Function]}
        >
          <svg
            aria-hidden="true"
            className="w-5 mr-2 dark:text-dark-text-fill"
            fill="currentColor"
            viewBox="0 0 20 20"
            xmlns="http://www.w3.org/2000/svg"
          >
            <path
              clipRule="evenodd"
              d="M6 2a1 1 0 00-1 1v1H4a2 2 0 00-2 2v10a2 2 0 002 2h12a2 2 0 002-2V6a2 2 0 00-2-2h-1V3a1 1 0 10-2 0v1H7V3a1 1 0 00-1-1zm0 5a1 1 0 000 2h8a1 1 0 100-2H6z"
              fillRule="evenodd"
            />
          </svg>
          <span
            className="text-base dark:text-dark-text-fill"
          >
            Calendar
          </span>
        </a>
      </li>
      <li
        className="mb-4 hover:text-primary"
      >
        <a
          aria-current="page"
          className="flex flex-row active"
          href="/#link"
          onClick={[Function]}
        >
          <svg
            aria-hidden="true"
            className="w-5 mr-2 dark:text-dark-text-fill"
            fill="currentColor"
            viewBox="0 0 20 20"
            xmlns="http://www.w3.org/2000/svg"
          >
            <path
              d="M2 6a2 2 0 012-2h5l2 2h5a2 2 0 012 2v6a2 2 0 01-2 2H4a2 2 0 01-2-2V6z"
            />
          </svg>
          <span
            className="text-base dark:text-dark-text-fill"
          >
            Docs
          </span>
        </a>
      </li>
      <li
        className="mb-4 hover:text-primary"
      >
        <a
          aria-current="page"
          className="flex flex-row active"
          href="/#link"
          onClick={[Function]}
        >
          <svg
            aria-hidden="true"
            className="w-5 mr-2 dark:text-dark-text-fill"
            fill="currentColor"
            viewBox="0 0 20 20"
            xmlns="http://www.w3.org/2000/svg"
          >
            <path
              clipRule="evenodd"
              d="M18 10a8 8 0 11-16 0 8 8 0 0116 0zm-2 0c0 .993-.241 1.929-.668 2.754l-1.524-1.525a3.997 3.997 0 00.078-2.183l1.562-1.562C15.802 8.249 16 9.1 16 10zm-5.165 3.913l1.58 1.58A5.98 5.98 0 0110 16a5.976 5.976 0 01-2.516-.552l1.562-1.562a4.006 4.006 0 001.789.027zm-4.677-2.796a4.002 4.002 0 01-.041-2.08l-.08.08-1.53-1.533A5.98 5.98 0 004 10c0 .954.223 1.856.619 2.657l1.54-1.54zm1.088-6.45A5.974 5.974 0 0110 4c.954 0 1.856.223 2.657.619l-1.54 1.54a4.002 4.002 0 00-2.346.033L7.246 4.668zM12 10a2 2 0 11-4 0 2 2 0 014 0z"
              fillRule="evenodd"
            />
          </svg>
          <span
            className="text-base dark:text-dark-text-fill"
          >
            Help
          </span>
        </a>
      </li>
    </div>
    <div
      className="flex flex-row ml-10 mt-auto list-none"
    >
      <li>
        <a
          aria-current="page"
          className="active"
          href="/#link"
          onClick={[Function]}
        >
          <svg
            aria-hidden="true"
            className="w-5 mr-2 hover:text-primary dark:text-dark-text-fill"
            fill="currentColor"
            viewBox="0 0 20 20"
            xmlns="http://www.w3.org/2000/svg"
          >
            <path
              d="M5 4a1 1 0 00-2 0v7.268a2 2 0 000 3.464V16a1 1 0 102 0v-1.268a2 2 0 000-3.464V4zM11 4a1 1 0 10-2 0v1.268a2 2 0 000 3.464V16a1 1 0 102 0V8.732a2 2 0 000-3.464V4zM16 3a1 1 0 011 1v7.268a2 2 0 010 3.464V16a1 1 0 11-2 0v-1.268a2 2 0 010-3.464V4a1 1 0 011-1z"
            />
          </svg>
        </a>
      </li>
      <li>
        <a
          className=""
          href="/settings"
          onClick={[Function]}
        >
          <svg
            aria-hidden="true"
            className="w-5 hover:text-primary dark:text-dark-text-fill"
            fill="none"
            stroke="currentColor"
            strokeWidth={2}
            viewBox="0 0 24 24"
            xmlns="http://www.w3.org/2000/svg"
          >
            <path
              d="M10.325 4.317c.426-1.756 2.924-1.756 3.35 0a1.724 1.724 0 002.573 1.066c1.543-.94 3.31.826 2.37 2.37a1.724 1.724 0 001.065 2.572c1.756.426 1.756 2.924 0 3.35a1.724 1.724 0 00-1.066 2.573c.94 1.543-.826 3.31-2.37 2.37a1.724 1.724 0 00-2.572 1.065c-.426 1.756-2.924 1.756-3.35 0a1.724 1.724 0 00-2.573-1.066c-1.543.94-3.31-.826-2.37-2.37a1.724 1.724 0 00-1.065-2.572c-1.756-.426-1.756-2.924 0-3.35a1.724 1.724 0 001.066-2.573c-.94-1.543.826-3.31 2.37-2.37.996.608 2.296.07 2.572-1.065z"
              strokeLinecap="round"
              strokeLinejoin="round"
            />
            <path
              d="M15 12a3 3 0 11-6 0 3 3 0 016 0z"
              strokeLinecap="round"
              strokeLinejoin="round"
            />
          </svg>
        </a>
      </li>
    </div>
  </div>
</div>
`;
