// Jest Snapshot v1, https://goo.gl/fbAQLP

exports[`<ProfileTabs/> Renders Profile Tabs 1`] = `
<div
  className="bg-cover bg-no-repeat bg-defaultCover bg-center bg-fixed h-[28vh] md:h-[26vh] flex flex-row text-center  align-center items-center"
  style={
    Object {
      "backgroundImage": "url(https://images.unsplash.com/photo-1483168527879-c66136b56105?ixlib=rb-1.2.1&ixid=MnwxMjA3fDB8MHxwaG90by1wYWdlfHx8fGVufDB8fHx8&auto=format&fit=crop&w=3016&q=80)",
    }
  }
>
  <img
    alt="profile-avatar"
    className="relative w-20 h-20 m-4 ml-6 rounded-full md:w-28 md:h-28 md:ml-20 mt-36 md:mt-12"
    src={Object {}}
  />
  <div
    className="z-0 flex items-center justify-center h-full mr-auto -ml-10 bg-grey-lighter md:-ml-12 mt-36 md:mt-20"
  >
    <div
      role="button"
    >
      <label
        className="flex flex-row text-center ml-auto mr-4 rounded-lg bg-primary text-white hover:bg-[#7a5edc] focus:outline-none p-1"
      >
        <svg
          aria-hidden="true"
          className="w-5 mt-0 mr-1 md:w-3 dark:text-dark-text-fill"
          fill="currentColor"
          viewBox="0 0 20 20"
          xmlns="http://www.w3.org/2000/svg"
        >
          <path
            d="M17.414 2.586a2 2 0 00-2.828 0L7 10.172V13h2.828l7.586-7.586a2 2 0 000-2.828z"
          />
          <path
            clipRule="evenodd"
            d="M2 6a2 2 0 012-2h4a1 1 0 010 2H4v10h10v-4a1 1 0 112 0v4a2 2 0 01-2 2H4a2 2 0 01-2-2V6z"
            fillRule="evenodd"
          />
        </svg>
        <span
          className="text-lg md:text-sm dark:text-dark-text-fill"
        >
          <span
            className="hidden md:block"
          >
            Edit
          </span>
        </span>
        <input
          className="hidden"
          data-testid="upload-image"
          onChange={[Function]}
          type="file"
        />
      </label>
    </div>
  </div>
  <div
    className="flex items-center justify-center w-full h-screen mt-24 ml-auto bg-grey-lighter"
  >
    <label
      className="flex flex-row text-center ml-auto mr-4 rounded-lg bg-primary text-white hover:bg-[#7a5edc] focus:outline-none p-2"
    >
      <svg
        aria-hidden="true"
        className="w-6 mt-0 mr-1 dark:text-dark-text-fill"
        fill="none"
        stroke="currentColor"
        strokeWidth={2}
        viewBox="0 0 24 24"
        xmlns="http://www.w3.org/2000/svg"
      >
        <path
          d="M3 9a2 2 0 012-2h.93a2 2 0 001.664-.89l.812-1.22A2 2 0 0110.07 4h3.86a2 2 0 011.664.89l.812 1.22A2 2 0 0018.07 7H19a2 2 0 012 2v9a2 2 0 01-2 2H5a2 2 0 01-2-2V9z"
          strokeLinecap="round"
          strokeLinejoin="round"
        />
        <path
          d="M15 13a3 3 0 11-6 0 3 3 0 016 0z"
          strokeLinecap="round"
          strokeLinejoin="round"
        />
      </svg>
      <input
        className="hidden"
        data-testid="upload-cover"
        onChange={[Function]}
        type="file"
      />
    </label>
  </div>
</div>
`;
