// Jest Snapshot v1, https://goo.gl/fbAQLP

exports[`<ProfileDropdown/> Renders the Dropdown 1`] = `
<div
  className="w-screen h-screen fixed top-0 left-0 z-50 px-4"
>
  <div
    aria-label="background"
    className="bg-dark-20 w-full h-full absolute top-0 left-0 z-1"
    data-testid="keyClick"
    onClick={[MockFunction]}
    onKeyDown={[MockFunction]}
    role="button"
    tabIndex={0}
  />
  <div
    className="absolute top-[60px] right-0 left-0 ml-auto px-2 md:mx-0 md:left-auto md:right-[10px] z-2  w-full max-w-[220px] min-w-fit h-[calc(100%-70px)]"
  >
    <div
      className="flex flex-col flex-nowrap w-full h-max max-h-full bg-white shadow-xl border  dark:border-0 dark:bg-dark-tertiary rounded-[20px]"
    >
      <div
        className="flex flex-col w-full p-3 border-border-dark dark:border-white border-b-[0.5px]"
      >
        <p
          className="font-bold dark:text-white"
        />
        <p
          className="font-bold text-sm text-gray-700 dark:text-gray-300"
        />
        <p
          className="font-bold text-sm text-gray-700 dark:text-gray-300"
        />
      </div>
      <div
        className="flex flex-col w-full overflow-auto"
        data-testid="notificationsContainer"
      >
        <div
          className="w-full border-border-dark dark:border-white border-b-[0.5px]"
        >
          <div
            className="flex flex-row justify-between align-center gap-x-[20px] "
          >
            <div
              className="flex flex-col w-full gap-[5px] cursor-pointer"
            >
              <a
                className="font-semibold text-gray-600 dark:text-white px-4 py-2 hover:bg-gray-600 hover:text-gray-200 dark:hover:bg-gray-300 dark:hover:text-gray-900"
                href="/profile"
                onClick={[Function]}
              >
                Profile
              </a>
              <a
                className="font-semibold text-gray-600 dark:text-white px-4 py-2 pb-4 hover:bg-gray-600 hover:text-gray-200 dark:hover:bg-gray-300 dark:hover:text-gray-900"
                href="/settings"
                onClick={[Function]}
              >
                Preferences
              </a>
            </div>
          </div>
        </div>
      </div>
      <div>
        <a
          className="w-full p-3 flex flex-row align-center justify-start text-gray-900 dark:text-gray-100 dark:hover:bg-gray-300 dark:hover:text-gray-900  hover:bg-gray-600 hover:text-gray-100"
          href="/loginActivities"
          onClick={[Function]}
        >
          <p
            className="font-bold ml-1 cursor-pointer"
          >
            Login Activities
          </p>
        </a>
      </div>
      <div
        className="w-full p-3 flex flex-row align-center justify-start text-gray-900 dark:text-gray-100 dark:hover:bg-gray-300 dark:hover:text-gray-900  hover:bg-gray-600 hover:rounded-b-[20px] hover:text-gray-100 "
      >
        <svg
          aria-hidden="true"
          className="w-4 h-4 mt-1 cursor-pointer "
          fill="currentColor"
          viewBox="0 0 20 20"
          xmlns="http://www.w3.org/2000/svg"
        >
          <path
            clipRule="evenodd"
            d="M3 3a1 1 0 00-1 1v12a1 1 0 102 0V4a1 1 0 00-1-1zm10.293 9.293a1 1 0 001.414 1.414l3-3a1 1 0 000-1.414l-3-3a1 1 0 10-1.414 1.414L14.586 9H7a1 1 0 100 2h7.586l-1.293 1.293z"
            fillRule="evenodd"
          />
        </svg>
        <p
          className="font-bold ml-1 cursor-pointer"
        >
          Sign out
        </p>
      </div>
    </div>
  </div>
</div>
`;
