// Jest Snapshot v1, https://goo.gl/fbAQLP

exports[`<Resume /> Renders Resume 1`] = `
<div
  className="w-full h-96"
>
  <div
    className="pt-5 pb-5 flex gap-2 downbuttons"
  >
    <button
      className="btn primary lg m-0"
      data-testid="registerModel"
      disabled={false}
      onClick={[Function]}
      type="button"
    >
      Upload from your pc
    </button>
    <button
      className="btn primary lg m-0"
      data-testid="registerModel"
      disabled={false}
      onClick={[Function]}
      type="button"
    >
      Add external link
    </button>
  </div>
</div>
`;
