// Jest Snapshot v1, https://goo.gl/fbAQLP

exports[`<ScrollToTop /> Renders ScrollToTop 1`] = `null`;
