// Jest Snapshot v1, https://goo.gl/fbAQLP

exports[`Trainee Attendance page Renders the Trainee Attendance Page  1`] = `
<div
  className="bg-light-bg dark:bg-dark-frame-bg min-h-screen lg:px-8"
>
  <div
    className="px-3 md:px-8"
  >
    <div
      className="bg-white dark:bg-dark-bg shadow-lg px-5 py-8 rounded-md w-full lg:w-[80%] lg:ml-56 mt-[90px]"
    >
      <div
        className=""
      >
        <div
          className="flex ml-2 items-center justify-between"
        >
          <h2
            className="text-gray-800 dark:text-white font-semibold"
          >
            Attendance
          </h2>
        </div>
        <div
          className="flex ml-[-25px] px-7 py-2  mt-4"
        >
          <select
            className="flex bg-primary px-4 py-2 rounded-md text-white font-medium cursor-pointer"
          >
            <option>
              All phases
            </option>
            <option>
              Phase 1
            </option>
            <option>
              Phase 2
            </option>
            <option>
              Phase 3
            </option>
            <option>
              Phase 4
            </option>
            <option>
              Phase 5
            </option>
          </select>
        </div>
      </div>
      <div>
        <div
          className="-mx-4 sm:-mx-8 px-4 sm:px-8 py-2 overflow-x-auto"
        >
          <div
            className="inline-block w-full lg:min-w-full shadow rounded-lg overflow-hidden"
          >
            <table
              className="min-w-full leading-normal"
            >
              <tbody>
                <tr>
                  <th
                    className="p-6 border-b-2 border-gray-200 bg-gray-100 dark:bg-dark-tertiary text-center text-xs font-semibold text-gray-600 dark:text-white uppercase tracking-wider"
                  >
                    Sprint
                  </th>
                  <th
                    className="px-5 py-3 border-b-2 border-gray-200 bg-gray-100 dark:bg-dark-tertiary text-center text-xs font-semibold text-gray-600 dark:text-white uppercase md:table-cell sm:hidden tracking-wider"
                  >
                    Session
                  </th>
                  <th
                    className="px-5 py-3 border-b-2 border-gray-200 bg-gray-100 dark:bg-dark-tertiary text-center text-xs font-semibold text-gray-600 dark:text-white uppercase tracking-wider"
                  >
                    Record
                  </th>
                  <th
                    className="px-5 py-3 border-b-2 border-gray-200 bg-gray-100 dark:bg-dark-tertiary text-center text-xs font-semibold text-gray-600 dark:text-white uppercase tracking-wider"
                  />
                </tr>
                <tr>
                  <td
                    className="px-5 py-5 border-b border-gray-200 bg-white dark:bg-dark-bg text-sm"
                  >
                    <div
                      className="flex justify-center items-center"
                    >
                      <div
                        className=""
                      >
                        <p
                          className="text-gray-900 text-center dark:text-white whitespace-no-wrap"
                        >
                          Sprint 1
                        </p>
                      </div>
                    </div>
                  </td>
                  <td
                    className="px-5 py-5 border-b border-gray-200 bg-white dark:bg-dark-bg text-sm md:table-cell sm:hidden"
                  >
                    <p
                      className="text-gray-900  dark:text-white whitespace-no-wrap text-center "
                    >
                      Demo
                    </p>
                  </td>
                  <td
                    className="px-5 py-5 border-b border-gray-200 bg-white dark:bg-dark-bg text-sm"
                  >
                    <p
                      className="text-gray-900  dark:text-white whitespace-no-wrap text-center"
                    >
                      2
                    </p>
                  </td>
                  <td
                    className="px-5 py-5 border-b border-gray-200 bg-white dark:bg-dark-bg text-sm"
                  >
                    <a
                      href="/dashboard/trainee/attendance-details"
                      onClick={[Function]}
                    >
                      <button
                        className="px-4 py-0 rounded-md dark:text-dark-text-fill bg-primary text-white text-sm"
                      >
                        Details
                      </button>
                    </a>
                  </td>
                </tr>
                <tr>
                  <td
                    className="px-5 py-5 border-b border-gray-200 bg-gray-100 dark:bg-dark-tertiary text-sm"
                  >
                    <div
                      className="flex justify-center items-center"
                    >
                      <div
                        className=""
                      >
                        <p
                          className="text-gray-900 text-center dark:text-white whitespace-no-wrap"
                        >
                          Sprint 2
                        </p>
                      </div>
                    </div>
                  </td>
                  <td
                    className="px-5 py-5 border-b border-gray-200 bg-gray-100 dark:bg-dark-tertiary text-sm md:table-cell sm:hidden"
                  >
                    <p
                      className="text-gray-900 text-center dark:text-white whitespace-no-wrap "
                    >
                      Standup
                    </p>
                  </td>
                  <td
                    className="px-5 py-5 border-b border-gray-200 bg-gray-100 dark:bg-dark-tertiary text-sm"
                  >
                    <p
                      className="text-gray-900 text-center dark:text-white whitespace-no-wrap "
                    >
                      1
                    </p>
                  </td>
                  <td
                    className="px-5 py-5 border-b border-gray-200 bg-gray-100 dark:bg-dark-tertiary text-sm"
                  >
                    <a
                      href="/dashboard/trainee/attendance-details"
                      onClick={[Function]}
                    >
                      <button
                        className="px-4 py-0 rounded-md dark:text-dark-text-fill bg-primary text-white text-sm"
                      >
                        Details
                      </button>
                    </a>
                  </td>
                </tr>
                <tr>
                  <td
                    className="px-5 py-5 border-b border-gray-200 bg-white dark:bg-dark-bg text-sm"
                  >
                    <div
                      className="flex justify-center items-center"
                    >
                      <div
                        className=""
                      >
                        <p
                          className="text-gray-900 text-center dark:text-white whitespace-no-wrap"
                        >
                          Sprint 3
                        </p>
                      </div>
                    </div>
                  </td>
                  <td
                    className="px-5 py-5 border-b border-gray-200 bg-white dark:bg-dark-bg text-sm md:table-cell sm:hidden"
                  >
                    <p
                      className="text-gray-900 text-center dark:text-white whitespace-no-wrap"
                    >
                      Demo
                    </p>
                  </td>
                  <td
                    className="px-5 py-5 border-b border-gray-200 bg-white dark:bg-dark-bg text-sm"
                  >
                    <p
                      className="text-gray-900 text-center dark:text-white whitespace-no-wrap "
                    >
                      1
                    </p>
                  </td>
                  <td
                    className="px-5 py-5 border-b border-gray-200 bg-white dark:bg-dark-bg text-sm"
                  >
                    <a
                      href="/dashboard/trainee/attendance-details"
                      onClick={[Function]}
                    >
                      <button
                        className="px-4 py-0 rounded-md dark:text-dark-text-fill bg-primary text-white text-sm"
                      >
                        Details
                      </button>
                    </a>
                  </td>
                </tr>
                <tr>
                  <td
                    className="px-5 py-5 border-b border-gray-200 bg-gray-100 dark:bg-dark-tertiary text-sm"
                  >
                    <div
                      className="flex justify-center items-center"
                    >
                      <div
                        className=""
                      >
                        <p
                          className="text-gray-900 text-center dark:text-white whitespace-no-wrap"
                        >
                          Sprint 4
                        </p>
                      </div>
                    </div>
                  </td>
                  <td
                    className="px-5 py-5 border-b border-gray-200 bg-gray-100 dark:bg-dark-tertiary text-sm md:table-cell sm:hidden"
                  >
                    <p
                      className="text-gray-900 text-center dark:text-white whitespace-no-wrap"
                    >
                      Standup
                    </p>
                  </td>
                  <td
                    className="px-5 py-5 border-b border-gray-200 bg-gray-100 dark:bg-dark-tertiary text-sm"
                  >
                    <p
                      className="text-gray-900 text-center dark:text-white whitespace-no-wrap"
                    >
                      2
                    </p>
                  </td>
                  <td
                    className="px-5 py-5 border-b border-gray-200 bg-gray-100 dark:bg-dark-tertiary text-sm"
                  >
                    <a
                      href="/dashboard/trainee/attendance-details"
                      onClick={[Function]}
                    >
                      <button
                        className="px-4 py-0 rounded-md dark:text-dark-text-fill bg-primary text-white text-sm"
                      >
                        Details
                      </button>
                    </a>
                  </td>
                </tr>
                <tr>
                  <td
                    className="px-5 py-5 border-b border-gray-200 bg-white dark:bg-dark-bg text-sm"
                  >
                    <div
                      className="flex justify-center items-center"
                    >
                      <div
                        className=""
                      >
                        <p
                          className="text-gray-900 text-center dark:text-white whitespace-no-wrap"
                        >
                          Sprint 5
                        </p>
                      </div>
                    </div>
                  </td>
                  <td
                    className="px-5 py-5 border-b border-gray-200 bg-white dark:bg-dark-bg text-sm md:table-cell sm:hidden"
                  >
                    <p
                      className="text-gray-900 text-center dark:text-white whitespace-no-wrap"
                    >
                      Demo
                    </p>
                  </td>
                  <td
                    className="px-5 py-5 border-b border-gray-200 bg-white dark:bg-dark-bg text-sm"
                  >
                    <p
                      className="text-gray-900 text-center dark:text-white whitespace-no-wrap "
                    >
                      2
                    </p>
                  </td>
                  <td
                    className="px-5 py-5 border-b border-gray-200 bg-white dark:bg-dark-bg text-sm"
                  >
                    <a
                      href="/dashboard/trainee/attendance-details"
                      onClick={[Function]}
                    >
                      <button
                        className="px-4 py-0 rounded-md dark:text-dark-text-fill bg-primary text-white text-sm"
                      >
                        Details
                      </button>
                    </a>
                  </td>
                </tr>
              </tbody>
            </table>
          </div>
        </div>
      </div>
    </div>
  </div>
</div>
`;
