// Jest Snapshot v1, https://goo.gl/fbAQLP

exports[`TraineeRatingDashboard Tests Renders TraineeRatingDashboard 1`] = `null`;
