// Jest Snapshot v1, https://goo.gl/fbAQLP

exports[`<RemoveTokenPage /> Renders redirect page 1`] = `null`;
