// Jest Snapshot v1, https://goo.gl/fbAQLP

exports[`notification test should render notification 1`] = `
<div
  className="w-screen h-screen fixed top-0 left-0 z-50 px-4"
>
  <div
    aria-label="background"
    className="bg-dark-45 w-full h-full absolute top-0 left-0 z-1"
    data-testid="keyClick"
    onClick={[Function]}
    onKeyDown={[Function]}
    role="button"
    tabIndex={0}
  />
  <div
    className="absolute top-[60px] right-0 left-0 mx-auto px-2 md:mx-0 md:left-auto md:right-[80px] z-2  w-full max-w-[392px] h-[calc(100%-70px)]"
  >
    <div
      className="flex flex-col flex-nowrap w-full h-max max-h-full bg-[#E5EAFF] dark:bg-dark-tertiary rounded-[20px]"
    >
      <div
        className="flex justify-between items-center w-full p-3 border-border-dark dark:border-white border-b-[0.5px]"
      >
        <p
          className="font-semibold dark:text-white"
        >
          Notification
        </p>
        <svg
          aria-hidden="true"
          className="border-black dark:fill-white h-[25px] w-[25px] cursor-pointer md:hidden"
          data-testid="closeIcon"
          fill="currentColor"
          fontSize="70px"
          onClick={[Function]}
          viewBox="0 0 20 20"
          xmlns="http://www.w3.org/2000/svg"
        >
          <path
            clipRule="evenodd"
            d="M4.293 4.293a1 1 0 011.414 0L10 8.586l4.293-4.293a1 1 0 111.414 1.414L11.414 10l4.293 4.293a1 1 0 01-1.414 1.414L10 11.414l-4.293 4.293a1 1 0 01-1.414-1.414L8.586 10 4.293 5.707a1 1 0 010-1.414z"
            fillRule="evenodd"
          />
        </svg>
      </div>
      <div
        className="flex flex-col w-full overflow-auto"
        data-testid="notificationsContainer"
      />
      <div
        className="w-full p-3 flex flex-row align-center justify-between"
      >
        <p
          className="font-normal text-xs m-1 dark:text-white cursor-pointer"
          data-testid="seeAllNotification"
        >
          See all notification
        </p>
        <div
          className="font-normal text-xs m-1 dark:text-white cursor-pointer ml-auto"
          data-testid="markAllRead"
          onClick={[Function]}
        >
          Mark all as read
        </div>
      </div>
    </div>
  </div>
</div>
`;
