// Jest Snapshot v1, https://goo.gl/fbAQLP

exports[`About page renders the about page 1`] = `
<div
  className=" bg-white   mt-auto dark:bg-dark-frame-bg font-serif"
>
  <div
    className=" justify-between w-full h-full pb-5"
  >
    <div>
      <h1
        className="text-center text-neutral-700 mb-5 font lg:text-4xl md:text-2xl pt-10 pb-4  dark:text-slate-100"
      >
        hero2
      </h1>
    </div>
    <div
      className="mt-10 card-image lg:mx-10 sm:mx-5 md:flex flex-row "
    >
      <div
        className="shadow-md sm:shadow-none mx-auto md:mx-0 bg-indigo-100  items-center  md:items-start flex-col dark:bg-dark-bg md:w-[45%] md:py-10 md:px-4 max-w-[35em] sm:w-full   sm:rounded-3xl  md:mr-2"
      >
        <h2
          className="pt-3 header-style lg:px-5 lg:text-2xl sm:text-xl lg:text-start sm:text-center md:text-start dark:text-slate-200"
        >
          performance
        </h2>
        <div>
          <div
            className="xl:hidden md:hidden mb-0 mt-4"
          >
            <img
              alt="frame"
              src={Object {}}
            />
          </div>
          <p
            className="text-style mt-0 lg:px-5 bg-[#E0E7FF] dark:bg-dark-bg rounded-b-3xl md:rounded-none p-8 md:px-0 md:py-4 dark:text-slate-300"
          >
            body1
          </p>
        </div>
      </div>
      <div
        className="sm:hidden md:flex xl:flex lg:flex"
      >
        <img
          alt="frame"
          className="rounded-2xl dark:opacity-80 lg:max-h-[25em]"
          src={Object {}}
        />
      </div>
    </div>
    <div
      className="mt-10 card-image lg:mx-10 sm:mx-5 md:flex flex-row-reverse "
    >
      <div
        className="shadow-md sm:shadow-none mx-auto md:mx-0 bg-indigo-100  items-center  md:items-start flex-col dark:bg-dark-bg md:w-[45%] md:py-10 md:px-4 max-w-[35em] sm:w-full   sm:rounded-3xl  md:mr-2"
      >
        <h2
          className="pt-3 header-style lg:px-5 lg:text-2xl sm:text-xl lg:text-start sm:text-center md:text-start dark:text-slate-200"
        >
          analytics
        </h2>
        <div>
          <div
            className="xl:hidden md:hidden mb-0 mt-4"
          >
            <img
              alt="frame"
              src={Object {}}
            />
          </div>
          <p
            className="text-style mt-0 lg:px-5 bg-[#E0E7FF] dark:bg-dark-bg rounded-b-3xl md:rounded-none p-8 md:px-0 md:py-4 dark:text-slate-300"
          >
            body2
          </p>
        </div>
      </div>
      <div
        className="sm:hidden md:flex xl:flex lg:flex"
      >
        <img
          alt="frame"
          className="rounded-2xl dark:opacity-80 lg:max-h-[25em]"
          src={Object {}}
        />
      </div>
    </div>
    <div
      className="mt-10 card-image lg:mx-10 sm:mx-5 md:flex flex-row "
    >
      <div
        className="shadow-md sm:shadow-none mx-auto md:mx-0 bg-indigo-100  items-center  md:items-start flex-col dark:bg-dark-bg md:w-[45%] md:py-10 md:px-4 max-w-[35em] sm:w-full   sm:rounded-3xl  md:mr-2"
      >
        <h2
          className="pt-3 header-style lg:px-5 lg:text-2xl sm:text-xl lg:text-start sm:text-center md:text-start dark:text-slate-200"
        >
          continuos
        </h2>
        <div>
          <div
            className="xl:hidden md:hidden mb-0 mt-4"
          >
            <img
              alt="frame"
              src={Object {}}
            />
          </div>
          <p
            className="text-style mt-0 lg:px-5 bg-[#E0E7FF] dark:bg-dark-bg rounded-b-3xl md:rounded-none p-8 md:px-0 md:py-4 dark:text-slate-300"
          >
            body3
          </p>
        </div>
      </div>
      <div
        className="sm:hidden md:flex xl:flex lg:flex"
      >
        <img
          alt="frame"
          className="rounded-2xl dark:opacity-80 lg:max-h-[25em]"
          src={Object {}}
        />
      </div>
    </div>
    <div
      className="mt-10 card-image lg:mx-10 sm:mx-5 md:flex flex-row-reverse "
    >
      <div
        className="shadow-md sm:shadow-none mx-auto md:mx-0 bg-indigo-100  items-center  md:items-start flex-col dark:bg-dark-bg md:w-[45%] md:py-10 md:px-4 max-w-[35em] sm:w-full   sm:rounded-3xl  md:mr-2"
      >
        <h2
          className="pt-3 header-style lg:px-5 lg:text-2xl sm:text-xl lg:text-start sm:text-center md:text-start dark:text-slate-200"
        >
          goal
        </h2>
        <div>
          <div
            className="xl:hidden md:hidden mb-0 mt-4"
          >
            <img
              alt="frame"
              src={Object {}}
            />
          </div>
          <p
            className="text-style mt-0 lg:px-5 bg-[#E0E7FF] dark:bg-dark-bg rounded-b-3xl md:rounded-none p-8 md:px-0 md:py-4 dark:text-slate-300"
          >
            body4
          </p>
        </div>
      </div>
      <div
        className="sm:hidden md:flex xl:flex lg:flex"
      >
        <img
          alt="frame"
          className="rounded-2xl dark:opacity-80 lg:max-h-[25em]"
          src={Object {}}
        />
      </div>
    </div>
    <div
      className="px-5 mt-20"
    >
      <h1
        className="font text-center text-neutral-700 lg:text-4xl sm:text-2xl dark:text-slate-100"
      >
         
        Come shape the future together
      </h1>
    </div>
    <div
      className="block md:hidden flex-col lg:mx-10 md:mx-20 my-20 gap-10 relative font-serif"
    >
      <div
        className="bg-indigo-100 dark:bg-dark-bg  dark:text-slate-300 lg:w-1/3 p-8 md:w-full rounded-b-3xl sm:mx-3 rounded-t-3xl visible"
      >
        <div
          className="flex flex-col sm:flex-row  mb-6 items-center"
        >
          <img
            alt=""
            className="sm:w-1/4"
            src={Object {}}
          />
          <ul>
            <li
              className="text-xs ml-3  dark:text-slate-300 text-neutral-600"
            >
              Bernard Dushimimana
            </li>
            <li
              className="text-xs mt-2  dark:text-slate-300 ml-3"
            >
              Sr.Manager
              , 
              Andela
            </li>
          </ul>
        </div>
        <p
          className="text-base  dark:text-slate-300 text-neutral-900"
        >
          Content1
        </p>
      </div>
      <div
        className="bg-indigo-100 dark:bg-dark-bg  dark:text-slate-300 lg:w-1/3 p-8 md:w-full rounded-b-3xl sm:mx-3 rounded-t-3xl hidden"
      >
        <div
          className="flex flex-col sm:flex-row  mb-6 items-center"
        >
          <img
            alt=""
            className="sm:w-1/4"
            src={Object {}}
          />
          <ul>
            <li
              className="text-xs ml-3  dark:text-slate-300 text-neutral-600"
            >
              Susan
            </li>
            <li
              className="text-xs mt-2  dark:text-slate-300 ml-3"
            >
              Sr.Manager
              , 
              Andela
            </li>
          </ul>
        </div>
        <p
          className="text-base  dark:text-slate-300 text-neutral-900"
        >
          Content2
        </p>
      </div>
      <div
        className="bg-indigo-100 dark:bg-dark-bg  dark:text-slate-300 lg:w-1/3 p-8 md:w-full rounded-b-3xl sm:mx-3 rounded-t-3xl hidden"
      >
        <div
          className="flex flex-col sm:flex-row  mb-6 items-center"
        >
          <img
            alt=""
            className="sm:w-1/4"
            src={Object {}}
          />
          <ul>
            <li
              className="text-xs ml-3  dark:text-slate-300 text-neutral-600"
            >
              Dr. Jack
            </li>
            <li
              className="text-xs mt-2  dark:text-slate-300 ml-3"
            >
              Director
              , 
              University of Rwanda
            </li>
          </ul>
        </div>
        <p
          className="text-base  dark:text-slate-300 text-neutral-900"
        >
          Content3
        </p>
      </div>
      <span
        className="absolute top-1/2 left-3 transform -translate-y-1/2  text-neutral-600 rounded-full bg-slate-50 p-1 drop-shadow-2xl opacity-50 "
      >
        <svg
          className="cursor-pointer"
          fill="currentColor"
          height={20}
          onClick={[Function]}
          stroke="currentColor"
          strokeWidth="0"
          style={
            Object {
              "color": undefined,
            }
          }
          viewBox="0 0 1024 1024"
          width={20}
          xmlns="http://www.w3.org/2000/svg"
        >
          <path
            d="M724 218.3V141c0-6.7-7.7-10.4-12.9-6.3L260.3 486.8a31.86 31.86 0 0 0 0 50.3l450.8 352.1c5.3 4.1 12.9.4 12.9-6.3v-77.3c0-4.9-2.3-9.6-6.1-12.6l-360-281 360-281.1c3.8-3 6.1-7.7 6.1-12.6z"
          />
        </svg>
      </span>
      <span
        className="absolute top-1/2 right-3 transform -translate-y-1/2 text-neutral-600 rounded-full bg-slate-50 p-1 drop-shadow-2xl opacity-50 "
      >
        <svg
          className="cursor-pointer"
          fill="currentColor"
          height={20}
          onClick={[Function]}
          stroke="currentColor"
          strokeWidth="0"
          style={
            Object {
              "color": undefined,
            }
          }
          viewBox="0 0 1024 1024"
          width={20}
          xmlns="http://www.w3.org/2000/svg"
        >
          <path
            d="M765.7 486.8L314.9 134.7A7.97 7.97 0 0 0 302 141v77.3c0 4.9 2.3 9.6 6.1 12.6l360 281.1-360 281.1c-3.9 3-6.1 7.7-6.1 12.6V883c0 6.7 7.7 10.4 12.9 6.3l450.8-352.1a31.96 31.96 0 0 0 0-50.4z"
          />
        </svg>
      </span>
    </div>
    <div
      className="hidden md:flex md:flex-row flex-col  lg:mx-0 md:mx-0 my-20 gap-10 md:flex-wrap lg:flex-nowrap font-serif"
    >
      <div
        className="bg-indigo-100  dark:bg-dark-bg lg:w-1/3 p-8 md:w-full  rounded-b-3xl sm:mx-3 rounded-t-3xl "
      >
        <div
          className="flex flex-col sm:flex-row  mb-6 items-center"
        >
          <img
            alt=""
            className="md:w-1/5 sm:w-1/3"
            src={Object {}}
          />
          <ul>
            <li
              className="text-sm ml-3  dark:text-slate-300  text-neutral-600"
            >
              Bernard Dushimimana
            </li>
            <li
              className="text-sm  dark:text-slate-300  mt-2 ml-3"
            >
              Sr.Manager
              , 
              Andela
            </li>
          </ul>
        </div>
        <p
          className="text-base dark:text-slate-300  text-neutral-900"
        >
          Content1
        </p>
      </div>
      <div
        className="bg-indigo-100  dark:bg-dark-bg lg:w-1/3 p-8 md:w-full  rounded-b-3xl sm:mx-3 rounded-t-3xl "
      >
        <div
          className="flex flex-col sm:flex-row  mb-6 items-center"
        >
          <img
            alt=""
            className="md:w-1/5 sm:w-1/3"
            src={Object {}}
          />
          <ul>
            <li
              className="text-sm ml-3  dark:text-slate-300  text-neutral-600"
            >
              Susan
            </li>
            <li
              className="text-sm  dark:text-slate-300  mt-2 ml-3"
            >
              Sr.Manager
              , 
              Andela
            </li>
          </ul>
        </div>
        <p
          className="text-base dark:text-slate-300  text-neutral-900"
        >
          Content2
        </p>
      </div>
      <div
        className="bg-indigo-100  dark:bg-dark-bg lg:w-1/3 p-8 md:w-full  rounded-b-3xl sm:mx-3 rounded-t-3xl "
      >
        <div
          className="flex flex-col sm:flex-row  mb-6 items-center"
        >
          <img
            alt=""
            className="md:w-1/5 sm:w-1/3"
            src={Object {}}
          />
          <ul>
            <li
              className="text-sm ml-3  dark:text-slate-300  text-neutral-600"
            >
              Dr. Jack
            </li>
            <li
              className="text-sm  dark:text-slate-300  mt-2 ml-3"
            >
              Director
              , 
              University of Rwanda
            </li>
          </ul>
        </div>
        <p
          className="text-base dark:text-slate-300  text-neutral-900"
        >
          Content3
        </p>
      </div>
    </div>
  </div>
</div>
`;
