// Jest Snapshot v1, https://goo.gl/fbAQLP

exports[`TraineeRatingDashboard Tests Renders TraineeRatingDashboard 1`] = `
<div
  className="flex flex-col bg-light-bg dark:bg-dark-frame-bg font-serif"
>
  <div
    className="flex flex-row"
  >
    <div
      className="w-[100%]"
    >
      <div>
        <div
          className="bg-light-bg dark:bg-dark-frame-bg max-h-full overflow-y-auto overflow-x-hidden"
        >
          <div
            className="flex flex-col w-full mx-auto md:flex-row relative gap-x-4 items-end"
          >
            <div
              className="flex flex-col md:ml-a w-40"
            >
              <label
                className="block text-lg font-medium text-gray-700 dark:text-dark-text-fill mt-2"
                data-headlessui-state=""
                id="headlessui-listbox-label-:r0:"
                onClick={[Function]}
              >
                Cohort
              </label>
              <div
                className="relative mt-1"
              >
                <button
                  aria-expanded={false}
                  aria-haspopup="listbox"
                  aria-labelledby="headlessui-listbox-label-:r0: headlessui-listbox-button-:r1:"
                  className="relative md:w-full p-30 h-8 cursor-default rounded-md border border-primary bg-primary py-2 pl-3 pr-10 text-left shadow-sm focus:border-white focus:outline-none focus:ring-1 focus:ring-white sm:text-sm"
                  data-headlessui-state=""
                  data-testid="cohortList"
                  disabled={false}
                  id="headlessui-listbox-button-:r1:"
                  onClick={[Function]}
                  onKeyDown={[Function]}
                  onKeyUp={[Function]}
                  type="button"
                >
                  <span
                    className="flex items-center"
                  >
                    <span
                      className="ml-3 block truncate text-white"
                    />
                  </span>
                  <span
                    className="pointer-events-none absolute inset-y-0 right-0 ml-3 flex items-center pr-2"
                  >
                    <svg
                      aria-hidden="true"
                      className="h-5 w-5 text-white"
                      fill="currentColor"
                      viewBox="0 0 20 20"
                      xmlns="http://www.w3.org/2000/svg"
                    >
                      <path
                        clipRule="evenodd"
                        d="M10 3a1 1 0 01.707.293l3 3a1 1 0 01-1.414 1.414L10 5.414 7.707 7.707a1 1 0 01-1.414-1.414l3-3A1 1 0 0110 3zm-3.707 9.293a1 1 0 011.414 0L10 14.586l2.293-2.293a1 1 0 011.414 1.414l-3 3a1 1 0 01-1.414 0l-3-3a1 1 0 010-1.414z"
                        fillRule="evenodd"
                      />
                    </svg>
                  </span>
                </button>
              </div>
            </div>
            <div
              className="mt-2"
            >
              <button
                className="rounded-md w-40 text-base flex flex-row bg-primary p-3 font-medium text-white hover:bg-opacity-30 focus:outline-none focus-visible:ring-2 focus-visible:ring-white focus-visible:ring-opacity-75"
                data-testid="addRatingButton"
                onClick={[Function]}
                type="button"
              >
                Add New Rating
                <svg
                  aria-hidden="true"
                  className="w-4 mt-1"
                  fill="currentColor"
                  viewBox="0 0 20 20"
                  xmlns="http://www.w3.org/2000/svg"
                >
                  <path
                    clipRule="evenodd"
                    d="M10 3a1 1 0 011 1v5h5a1 1 0 110 2h-5v5a1 1 0 11-2 0v-5H4a1 1 0 110-2h5V4a1 1 0 011-1z"
                    fillRule="evenodd"
                  />
                </svg>
              </button>
            </div>
            <div
              className="mt-2"
            >
              <button
                className="font-serif bg-primary hover:bg-primary text-white  font-semibold hover:text-white py-2 px-2  border border-primary hover:border-transparent rounded  "
                onClick={[Function]}
              >
                Export
              </button>
            </div>
          </div>
          <div
            className="w-full"
          >
            <div>
              <div
                className="bg-light-bg dark:bg-dark-frame-bg "
              >
                <div
                  className="mt-10 "
                >
                  <div
                    className="relative font-serif bg-indigo-100 dark:bg-dark-bg shadow-lg h-fit px-5 py-8 rounded-md w-[100%] \\"lg:ml-60 mx-auto\\"} mb-10"
                  >
                    <div
                      className="flex items-center justify-between pb-6 "
                    >
                      <div>
                        <h2
                          className="text-xl font-semibold text-gray-800 dark:text-white "
                        >
                          Performance Ratings
                        </h2>
                        <input
                          aria-label="Filter table data"
                          className="px-5 py-2 mt-4 font-sans text-xs border rounded outline-none border-primary dark:bg-neutral-600 dark:text-white w-52 md:w-96"
                          onChange={[Function]}
                          placeholder="Filter"
                          value=""
                        />
                      </div>
                    </div>
                    <div
                      className="overflow-visible "
                    >
                      <table
                        className="min-w-full leading-normal"
                        role="table"
                      >
                        <thead>
                          <tr
                            role="row"
                          >
                            <th
                              className=" thead"
                              colSpan={1}
                              onClick={[Function]}
                              role="columnheader"
                              style={
                                Object {
                                  "cursor": "pointer",
                                }
                              }
                              title="Toggle SortBy"
                            >
                              Email
                              <span />
                            </th>
                            <th
                              className=" thead"
                              colSpan={1}
                              onClick={[Function]}
                              role="columnheader"
                              style={
                                Object {
                                  "cursor": "pointer",
                                }
                              }
                              title="Toggle SortBy"
                            >
                              Phase
                              <span />
                            </th>
                            <th
                              className=" thead"
                              colSpan={1}
                              onClick={[Function]}
                              role="columnheader"
                              style={
                                Object {
                                  "cursor": "pointer",
                                }
                              }
                              title="Toggle SortBy"
                            >
                              Sprint
                              <span />
                            </th>
                            <th
                              className=" thead"
                              colSpan={1}
                              onClick={[Function]}
                              role="columnheader"
                              style={
                                Object {
                                  "cursor": "pointer",
                                }
                              }
                              title="Toggle SortBy"
                            >
                              Quantity
                              <span />
                            </th>
                            <th
                              className=" thead"
                              colSpan={1}
                              onClick={[Function]}
                              role="columnheader"
                              style={
                                Object {
                                  "cursor": "pointer",
                                }
                              }
                              title="Toggle SortBy"
                            >
                              Quality
                              <span />
                            </th>
                            <th
                              className=" thead"
                              colSpan={1}
                              onClick={[Function]}
                              role="columnheader"
                              style={
                                Object {
                                  "cursor": "pointer",
                                }
                              }
                              title="Toggle SortBy"
                            >
                              Professional skills
                              <span />
                            </th>
                            <th
                              className=" thead"
                              colSpan={1}
                              onClick={[Function]}
                              role="columnheader"
                              style={
                                Object {
                                  "cursor": "pointer",
                                }
                              }
                              title="Toggle SortBy"
                            >
                              Average
                              <span />
                            </th>
                            <th
                              className=" thead"
                              colSpan={1}
                              onClick={[Function]}
                              role="columnheader"
                              style={
                                Object {
                                  "cursor": "pointer",
                                }
                              }
                              title="Toggle SortBy"
                            >
                              Actions
                              <span />
                            </th>
                            <th
                              className=" thead"
                              colSpan={1}
                              onClick={[Function]}
                              role="columnheader"
                              style={
                                Object {
                                  "cursor": "pointer",
                                }
                              }
                              title="Toggle SortBy"
                            >
                              Remarks
                              <span />
                            </th>
                          </tr>
                        </thead>
                        <tbody
                          role="rowgroup"
                        >
                          <tr>
                            <td
                              className="p-4 text-center h-24"
                              colSpan={9}
                            >
                              <p
                                className="text-lg font-medium text-gray-600 dark:text-gray-400 pt-8"
                              >
                                No records available
                              </p>
                            </td>
                          </tr>
                          <tr>
                            <td
                              className="px-6 py-4 text-sm text-center text-gray-500 dark:text-gray-300 "
                              colSpan={9}
                            >
                              Loading...
                            </td>
                          </tr>
                        </tbody>
                      </table>
                    </div>
                    <div
                      className="px-6 py-4"
                    >
                      <div
                        className="font-serif"
                      >
                        <table
                          className="w-full mt-2"
                        >
                          <tfoot
                            className="w-full py-2"
                          >
                            <tr
                              className="w-full py-2"
                            >
                              <td
                                colSpan={9}
                              >
                                <div
                                  className="flex flex-row sm:space-x-9 md:space-x-72 lg:flex-row items-center justify-between w-full mx-auto"
                                >
                                  <div
                                    className="flex mb-4 sm:-ml-7 -ml-7 lg:mb-0 mr-auto "
                                  >
                                    <button
                                      aria-label="left-arrow"
                                      className="page mx-2 text-white rounded-circle appearance-none font-bold flex items-center justify-center bg-primary mr-2 h-[30px] w-[50px] lg:h-[40px] lg:w-[60px] cursor-pointer"
                                      disabled={true}
                                      onClick={[Function]}
                                      type="button"
                                    >
                                      <svg
                                        aria-hidden="true"
                                        className="w-5"
                                        fill="none"
                                        fontSize="sm"
                                        stroke="currentColor"
                                        strokeWidth={2}
                                        viewBox="0 0 24 24"
                                        xmlns="http://www.w3.org/2000/svg"
                                      >
                                        <path
                                          d="M11 15l-3-3m0 0l3-3m-3 3h8M3 12a9 9 0 1118 0 9 9 0 01-18 0z"
                                          strokeLinecap="round"
                                          strokeLinejoin="round"
                                        />
                                      </svg>
                                    </button>
                                     
                                    <button
                                      aria-label="right-arrow"
                                      className="page mx-2 text-white rounded-circle font-bold flex items-center justify-center bg-primary h-[30px] w-[50px] lg:h-[40px] lg:w-[60px] cursor-pointer"
                                      disabled={true}
                                      onClick={[Function]}
                                      type="button"
                                    >
                                      <svg
                                        aria-hidden="true"
                                        className="w-5"
                                        fill="none"
                                        fontSize="sm"
                                        stroke="currentColor"
                                        strokeWidth={2}
                                        viewBox="0 0 24 24"
                                        xmlns="http://www.w3.org/2000/svg"
                                      >
                                        <path
                                          d="M13 9l3 3m0 0l-3 3m3-3H8m13 0a9 9 0 11-18 0 9 9 0 0118 0z"
                                          strokeLinecap="round"
                                          strokeLinejoin="round"
                                        />
                                      </svg>
                                    </button>
                                     
                                  </div>
                                  <div
                                    className="flex flex-row relative md:ml-80 lg:flex-row   justify-center items-baseline w-full lg:w-1/3 w-1/2 text-xs lg:text-md  mx-2 -mr-5"
                                  >
                                    <span
                                      className="flex justify-center sm:w-[50%] w-[70%] lg:mb-0"
                                    >
                                      Page
                                       
                                      <strong>
                                        1
                                         of
                                         0
                                      </strong>
                                       
                                    </span>
                                    <div
                                      className="flex flex-row sm:justify-center justify-end items-center w-full"
                                    >
                                      <div
                                        className="hidden lg:flex items-center mx-2 mb-2 lg:mb-0"
                                      >
                                        <span
                                          className="mr-1"
                                        >
                                          | Go to page: 
                                        </span>
                                        <input
                                          className="pl-1 border rounded-md outline-none appearance-none border-primary dark:bg-primary"
                                          defaultValue={1}
                                          onChange={[Function]}
                                          style={
                                            Object {
                                              "border": "solid 0.1rem #9e85f5",
                                              "height": "30px",
                                              "paddingLeft": "1.2rem",
                                              "width": "50px",
                                            }
                                          }
                                          type="number"
                                        />
                                      </div>
                                      <div
                                        className="flex items-center sm:mx-2 mx-0 mb-2 lg:mb-0 "
                                      >
                                        <select
                                          className="border rounded-md px-1/2 font-raleway border-dark dark:bg-primary focus:outline-none"
                                          onChange={[Function]}
                                          style={
                                            Object {
                                              "border": "solid 0.1rem #9e85f5",
                                              "height": "30px",
                                            }
                                          }
                                          value={3}
                                        >
                                          <option
                                            value={3}
                                          >
                                            Show 
                                            3
                                          </option>
                                          <option
                                            value={5}
                                          >
                                            Show 
                                            5
                                          </option>
                                          <option
                                            value={10}
                                          >
                                            Show 
                                            10
                                          </option>
                                          <option
                                            value={25}
                                          >
                                            Show 
                                            25
                                          </option>
                                          <option
                                            value={50}
                                          >
                                            Show 
                                            50
                                          </option>
                                          <option
                                            value={100}
                                          >
                                            Show 
                                            100
                                          </option>
                                        </select>
                                      </div>
                                    </div>
                                  </div>
                                </div>
                              </td>
                            </tr>
                          </tfoot>
                        </table>
                      </div>
                    </div>
                  </div>
                </div>
              </div>
            </div>
          </div>
        </div>
      </div>
    </div>
  </div>
</div>
`;
