// Jest Snapshot v1, https://goo.gl/fbAQLP

exports[`Super Admin Dashboard test  Should render SupAdDashboard 1`] = `
<div
  className="flex flex-col grow bg-light-bg dark:bg-dark-frame-bg"
>
  <div
    className="flex flex-row pb-8 justify-center"
  >
    <div
      className=""
    >
      <div
        className="flex items-center justify-center h-fit bg-light-bg dark:bg-dark-frame-bg py-4"
      >
        <div
          className="p-5 mx-2 bg-indigo-100 rounded-lg shadow-lg dark:bg-dark-bg md:p-20"
        >
          <div
            className="text-center"
          >
            <h2
              className="text-4xl font-extrabold leading-10 tracking-tight text-light-text dark:text-dark-text-fill sm:text-5xl sm:leading-none md:text-6xl"
            >
              Dashboard
            </h2>
            <h3
              className="mt-10 text-xl text-light-text dark:text-dark-text-fill md:text-3xl"
            >
              comingsoon
            </h3>
            <p
              className="mt-10 text-md md:text-xl text-light-text dark:text-dark-text-fill"
            >
              Somethingnewiscoming
            </p>
          </div>
        </div>
      </div>
    </div>
  </div>
</div>
`;
