// Jest Snapshot v1, https://goo.gl/fbAQLP

exports[`<UpdatedRatingDashboard /> Renders updatedRating 1`] = `
Array [
  <div
    className="min-h-full w-screen h-screen fixed top-0 left-0 flex items-center justify-center z-30 bg-black bg-opacity-30 backdrop-blur-sm hidden"
    onClick={[Function]}
  >
    <div
      className="bg-white dark:bg-dark-bg w-full sm:w-3/4 md:w-1/2 xl:w-4/12 rounded-lg p-4 pb-8 grid place-items-center"
    >
      No Updated Feedback
    </div>
  </div>,
  <div
    className="min-h-full w-screen z-30 bg-black bg-opacity-30 backdrop-blur-sm absolute  flex items-center justify-center px-4 hidden"
  >
    <div
      className="bg-white dark:bg-dark-bg w-full sm:w-3/4 md:w-1/2  xl:w-4/12 rounded-lg p-4 pb-8"
    >
      <div
        className="card-title w-full flex  flex-wrap justify-center items-center  "
      >
        <h3
          className="font-bold text-sm dark:text-white text-center w-11/12"
        >
          Approve updated ratings
        </h3>
        <hr
          className=" bg-primary border-b my-3 w-full"
        />
      </div>
      <div
        className="card-body"
      >
        <form
          className=" py-3 px-8"
        >
          <div>
            <h2
              className="text-base dark:text-white m-4"
            >
              Are you sure you want to approve this updated ratings ?
               
              ?
            </h2>
          </div>
          <div
            className="w-full flex justify-between"
          >
            <button
              className="btn info sm w-[30%] md:w-1/4 text-sm font-sans"
              data-testid="removeApproveModel"
              disabled={false}
              onClick={[Function]}
              type="button"
            >
               
              Cancel
               
            </button>
            <button
              className="btn primary sm w-[30%] md:w-1/4 text-sm font-sans"
              disabled={false}
              onClick={[Function]}
              type="button"
            >
              Approve
            </button>
          </div>
        </form>
      </div>
    </div>
  </div>,
  <div
    className="min-h-full w-screen z-30 bg-black bg-opacity-30 backdrop-blur-sm absolute flex items-center justify-center px-4 hidden"
  >
    <div
      className="bg-white dark:bg-dark-bg w-full sm:w-3/4 md:w-1/2  xl:w-4/12 rounded-lg p-4 pb-8"
    >
      <div
        className="card-title w-full flex  flex-wrap justify-center items-center  "
      >
        <h3
          className="font-bold text-sm dark:text-white text-center w-11/12"
        >
          Reject Updated ratings
        </h3>
        <hr
          className=" bg-primary border-b my-3 w-full"
        />
      </div>
      <div
        className="card-body"
      >
        <form
          className=" py-3 px-8"
        >
          <div>
            <h2
              className="text-base dark:text-white m-4"
            >
              Are you sure you want to reject this updated ratings
               ?
            </h2>
          </div>
          <div
            className="w-full flex justify-between"
          >
            <button
              className="btn info sm w-[30%] md:w-1/4 text-sm font-sans"
              data-testid="removeRejectModel"
              disabled={false}
              onClick={[Function]}
              type="button"
            >
              Cancel
            </button>
            <button
              className="btn danger sm w-[30%] md:w-1/4 text-sm font-sans"
              disabled={false}
              onClick={[Function]}
              type="button"
            >
              Reject
            </button>
          </div>
        </form>
      </div>
    </div>
  </div>,
  <div
    className="flex flex-col bg-light-bg"
  >
    <div
      className="flex flex-row"
    >
      <div
        className="w-full"
      >
        <div>
          <div
            className="bg-light-bg dark:bg-dark-frame-bg "
          >
            <div
              className=""
            >
              <div
                className="text-center text-lg uppercase"
              >
                <p>
                   
                  No updated ratings found
                </p>
              </div>
            </div>
          </div>
        </div>
      </div>
    </div>
  </div>,
]
`;
