// Jest Snapshot v1, https://goo.gl/fbAQLP

exports[`TraineeRatingDashboard Tests Renders TraineeRatingDashboard 1`] = `
<div
  className="md:flex md:flex-col md:items-center md:justify-center w-full grow text-center py-2 dark:bg-dark-bg bg-gray-100  sm:flex sm:flex-row sm:items-center sm:justify-center"
>
  <div
    className="w-full md:w-3/5 md:p-5 sm:w-full sm:p-2 dark:bg-dark-bg dark:rounded-none "
  >
    <div
      className="py-10 sm:py-8 w-full m-auto  md:shadow-xl rounded-xl"
    >
      <h2
        className="text-2xl font-bold text-primary dark:text-dark-text-fill "
      >
        Sign up using
      </h2>
      <div
        className="border-2 w-10 bg-primary border-primary inline-block mb-2"
      />
      <p
        className="text-gray-400 my-3 dark:text-dark-text-fill "
      >
        use your email account
      </p>
      <div
        className="flex flex-col items-center"
      >
        <form
          action="#none"
          className="flex flex-col gap-2"
          data-testid="loginForm"
          onSubmit={[Function]}
        >
          <div
            className="flex justify-between flex-col md:flex-row gap-2"
          >
            <div
              className="bg-gray-100 border border-primary rounded p-2 flex justify-between  dark:bg-dark-bg w-full mr-2"
            >
              <input
                className="bg-gray-100 outline-none text-sm flex-1 text-gray-400 dark:border-white dark:bg-dark-bg dark:text-white "
                data-testid="fName"
                name="firstName"
                onBlur={[Function]}
                onChange={[Function]}
                placeholder="First Name"
                type="name"
              />
            </div>
            <div
              className="bg-gray-100 border border-primary rounded p-2 flex justify-between dark:bg-dark-bg w-full"
            >
              <input
                className="bg-gray-100 outline-none text-sm flex-1 text-gray-400 dark:border-white dark:bg-dark-bg dark:text-white "
                data-testid="lName"
                name="lastName"
                onBlur={[Function]}
                onChange={[Function]}
                placeholder="Last Name"
                type="name"
              />
            </div>
          </div>
          <div
            className="flex justify-between flex-col md:flex-row gap-2"
          >
            <div
              className="grouped-input flex items-center  w-full  rounded-md mr-2"
            >
              <input
                className="text-gray-400 border border-primary py-2 dark:bg-dark-bg rounded outline-none px-5 font-sans text-xs w-full h-[38px] "
                data-placeholder="Date of birth"
                id="date-placeholder"
                max="2024-03-12"
                name="dateOfBirth"
                onBlur={[Function]}
                onChange={[Function]}
                required={true}
                type="date"
              />
            </div>
            <div
              className="my-react-select-container css-b62m3t-container"
              onKeyDown={[Function]}
            >
              <span
                className="css-1f43avz-a11yText-A11yText"
                id="react-select-2-live-region"
              />
              <span
                aria-atomic="false"
                aria-live="polite"
                aria-relevant="additions text"
                className="css-1f43avz-a11yText-A11yText"
              />
              <div
                className="my-react-select__control css-1an72ab-control"
                onMouseDown={[Function]}
                onTouchEnd={[Function]}
              >
                <div
                  className="my-react-select__value-container css-1fdsijx-ValueContainer"
                >
                  <div
                    className="my-react-select__placeholder css-1jqq78o-placeholder"
                    id="react-select-2-placeholder"
                  >
                    Select gender
                  </div>
                  <div
                    className="my-react-select__input-container css-qbdosj-Input"
                    data-value=""
                  >
                    <input
                      aria-autocomplete="list"
                      aria-describedby="react-select-2-placeholder"
                      aria-expanded={false}
                      aria-haspopup={true}
                      autoCapitalize="none"
                      autoComplete="off"
                      autoCorrect="off"
                      className="my-react-select__input"
                      disabled={false}
                      id="react-select-2-input"
                      onBlur={[Function]}
                      onChange={[Function]}
                      onFocus={[Function]}
                      role="combobox"
                      spellCheck="false"
                      style={
                        Object {
                          "background": 0,
                          "border": 0,
                          "color": "inherit",
                          "font": "inherit",
                          "gridArea": "1 / 2",
                          "label": "input",
                          "margin": 0,
                          "minWidth": "2px",
                          "opacity": 1,
                          "outline": 0,
                          "padding": 0,
                          "width": "100%",
                        }
                      }
                      tabIndex={0}
                      type="text"
                      value=""
                    />
                  </div>
                </div>
                <div
                  className="my-react-select__indicators css-1hb7zxy-IndicatorsContainer"
                >
                  <span
                    className="my-react-select__indicator-separator css-1u9des2-indicatorSeparator"
                  />
                  <div
                    aria-hidden="true"
                    className="my-react-select__indicator my-react-select__dropdown-indicator css-1xc3v61-indicatorContainer"
                    onMouseDown={[Function]}
                    onTouchEnd={[Function]}
                  >
                    <svg
                      aria-hidden="true"
                      className="css-tj5bde-Svg"
                      focusable="false"
                      height={20}
                      viewBox="0 0 20 20"
                      width={20}
                    >
                      <path
                        d="M4.516 7.548c0.436-0.446 1.043-0.481 1.576 0l3.908 3.747 3.908-3.747c0.533-0.481 1.141-0.446 1.574 0 0.436 0.445 0.408 1.197 0 1.615-0.406 0.418-4.695 4.502-4.695 4.502-0.217 0.223-0.502 0.335-0.787 0.335s-0.57-0.112-0.789-0.335c0 0-4.287-4.084-4.695-4.502s-0.436-1.17 0-1.615z"
                      />
                    </svg>
                  </div>
                </div>
              </div>
            </div>
          </div>
          <div
            className="bg-gray-100 w-70 p-2 flex justify-between  dark:bg-dark-bg border border-primary rounded xs:w-full gap-2"
          >
            <svg
              className="text-gray-400 "
              fill="currentColor"
              height="1em"
              stroke="currentColor"
              strokeWidth="0"
              style={
                Object {
                  "color": undefined,
                }
              }
              viewBox="0 0 512 512"
              width="1em"
              xmlns="http://www.w3.org/2000/svg"
            >
              <path
                d="M464 64H48C21.49 64 0 85.49 0 112v288c0 26.51 21.49 48 48 48h416c26.51 0 48-21.49 48-48V112c0-26.51-21.49-48-48-48zm0 48v40.805c-22.422 18.259-58.168 46.651-134.587 106.49-16.841 13.247-50.201 45.072-73.413 44.701-23.208.375-56.579-31.459-73.413-44.701C106.18 199.465 70.425 171.067 48 152.805V112h416zM48 400V214.398c22.914 18.251 55.409 43.862 104.938 82.646 21.857 17.205 60.134 55.186 103.062 54.955 42.717.231 80.509-37.199 103.053-54.947 49.528-38.783 82.032-64.401 104.947-82.653V400H48z"
              />
            </svg>
            <input
              className="bg-gray-100 outline-none text-sm flex-1 text-gray-400 dark:border-white dark:bg-dark-bg dark:text-white  "
              data-testid="email"
              name="email"
              onBlur={[Function]}
              onChange={[Function]}
              placeholder="Email"
              readOnly={true}
              type="email"
            />
          </div>
          <div
            className="bg-gray-100  p-2 flex items-center border border-primary rounded   dark:bg-dark-bg xs:w-full md:w-70 gap-2"
          >
            <svg
              className="text-gray-400 "
              fill="currentColor"
              height="1em"
              stroke="currentColor"
              strokeWidth="0"
              style={
                Object {
                  "color": undefined,
                }
              }
              viewBox="0 0 24 24"
              width="1em"
              xmlns="http://www.w3.org/2000/svg"
            >
              <path
                d="M0 0h24v24H0z"
                fill="none"
              />
              <path
                d="M12 17c1.1 0 2-.9 2-2s-.9-2-2-2-2 .9-2 2 .9 2 2 2zm6-9h-1V6c0-2.76-2.24-5-5-5S7 3.24 7 6v2H6c-1.1 0-2 .9-2 2v10c0 1.1.9 2 2 2h12c1.1 0 2-.9 2-2V10c0-1.1-.9-2-2-2zM8.9 6c0-1.71 1.39-3.1 3.1-3.1s3.1 1.39 3.1 3.1v2H8.9V6zM18 20H6V10h12v10z"
              />
            </svg>
            <input
              className="bg-gray-100 outline-none text-sm flex-1 text-gray-400 dark:border-white dark:bg-dark-bg dark:text-white"
              data-testid="password"
              name="password"
              onBlur={[Function]}
              onChange={[Function]}
              placeholder="Password"
              type="password"
            />
            <div
              className="text-gray-400 cursor-pointer onClick= {()=> handleShowPassword}"
            >
              <svg
                fill="none"
                height="1em"
                onClick={[Function]}
                stroke="currentColor"
                strokeLinecap="round"
                strokeLinejoin="round"
                strokeWidth="2"
                style={
                  Object {
                    "color": undefined,
                  }
                }
                viewBox="0 0 24 24"
                width="1em"
                xmlns="http://www.w3.org/2000/svg"
              >
                <path
                  d="M17.94 17.94A10.07 10.07 0 0 1 12 20c-7 0-11-8-11-8a18.45 18.45 0 0 1 5.06-5.94M9.9 4.24A9.12 9.12 0 0 1 12 4c7 0 11 8 11 8a18.5 18.5 0 0 1-2.16 3.19m-6.72-1.07a3 3 0 1 1-4.24-4.24"
                />
                <line
                  x1="1"
                  x2="23"
                  y1="1"
                  y2="23"
                />
              </svg>
            </div>
          </div>
          <div
            className="flex w-64  rounded mb-5 mt-5 items-center "
          >
            <div
              className=" text-sm mr-1"
            >
              Already have an account?
            </div>
            <a
              className="text-xs text-primary "
              href="/login/org"
              onClick={[Function]}
            >
              Log in
            </a>
          </div>
          <div
            className="w-full justify-center"
          >
            <button
              className="btn transparentbtn md border-2 hover:bg-primary inline-block rounded-full lg:px-12 lg:py-2 sm:px-4 sm:py-1 md:font-semibold sm:mt-2 sm:font-medium hover:text-white"
              disabled={false}
              type="submit"
            >
              Sign Up
            </button>
          </div>
        </form>
      </div>
      <div
        className="md:hidden mt-2 text-xs text-center dark:text-dark-text-fill"
      >
        First time here?
        <a
          className="mx-1 text-primary"
          href="/signup/org"
          onClick={[Function]}
        >
          Register
        </a>
        your organization
      </div>
    </div>
  </div>
</div>
`;
