// Jest Snapshot v1, https://goo.gl/fbAQLP

exports[`attendance update button Renders attendance update component 1`] = `
<div
  className="inline-block cursor-pointer relative"
>
  <span
    className="px-2 py-[2px] border dark:border-white border-black rounded-md text-[.85rem]"
    data-testid="edit-button"
    onClick={[Function]}
  >
    Edit
  </span>
</div>
`;
