// Jest Snapshot v1, https://goo.gl/fbAQLP

exports[`Record attendance modal Renders Record attendance modal 1`] = `
<div
  className="fixed inset-0 bg-gray-900 bg-opacity-75 flex justify-center items-center z-50 p-4"
>
  <div
    className="bg-[#FFFFFF] dark:bg-[#020917] md:w-[500px] rounded-lg w-96 px-5 py-4 xmd:p-6 shadow-lg flex flex-col gap-3 text-[#111827] dark:text-white"
  >
    <div
      className="w-full"
    >
      <div
        className="w-full flex flex-col gap-3"
      >
        <h2
          className="text-[1.1rem] xmd:text-xl font-bold text-center text-purple-400 mb-2"
        >
          Take Attendance
        </h2>
        <div
          className="flex justify-between"
        >
          <h3
            className="font-semibold text-[.85rem] xmd:text-[.95rem] "
          >
            Week 
            3
          </h3>
          <p
            className="text-sm"
          >
            Mon, 11th November 2024
          </p>
        </div>
        <div
          className="flex flex-col gap-2"
        >
          <p
            className="font-semibold text-[..84rem] xmd:text-[.95rem]"
          >
            Trainees:
          </p>
          <div
            className="w-full min-h-[40px] max-h-[110px] overflow-auto custom-scrollbar"
          >
            <p
              className="text-center text-[.83rem] xmd:text-[.9rem] font-medium"
            >
              No trainee given attendance.
            </p>
          </div>
        </div>
        <div
          className="mt-4"
        >
          <label
            className="block text-[.86rem] xmd:text-[.95rem] font-medium"
          >
            Trainee Name
          </label>
          <div
            className="flex"
          >
            <div
              className="flex-1 flex flex-col gap-1"
            >
              <input
                className="placeholder:text-neutral-600 dark:placeholder:text-neutral-400 text-[.82rem] xmd:text-sm bg-gray-200 dark:bg-gray-700 w-full py-[5px] px-3 rounded-[2px] focus:outline-none focus:ring-1 focus:ring-purple-500"
                onBlur={[Function]}
                onChange={[Function]}
                onFocus={[Function]}
                placeholder="Find trainee by name"
                type="text"
                value=""
              />
              <div
                className="min-h-[100px]"
              />
            </div>
          </div>
        </div>
      </div>
    </div>
    <div
      className="mt-3 flex justify-between text-[.9rem] xmd:text-[.95rem]"
    >
      <button
        className="bg-gray-500 text-white py-[4px] xmd:py-[6px] px-4 rounded-[4px] hover:bg-gray-600"
        onClick={[Function]}
        type="button"
      >
        Cancel
      </button>
      <button
        className="py-[4px] xmd:py-[6px] px-4 rounded-[4px] bg-gray-300 text-gray-800 cursor-not-allowed"
        disabled={true}
        onClick={[Function]}
        type="submit"
      >
        Submit
      </button>
    </div>
  </div>
</div>
`;
