// Jest Snapshot v1, https://goo.gl/fbAQLP

exports[`Skeleton UI Should render 1`] = `
<div
  className="h-screen w-screen flex justify-center items-center bg-gradient-radial from-gray-800 to-white dark:from-black dark:to-gray-900"
>
  <div
    className="h-24"
  />
</div>
`;
