// Jest Snapshot v1, https://goo.gl/fbAQLP

exports[`Phases tests Snapshots Phases Page 1`] = `
Array [
  <div
    className="h-screen w-screen bg-black bg-opacity-30 backdrop-blur-sm fixed top-0 left-0 z-20 flex items-center justify-center px-4 hidden"
  >
    <div
      className="bg-indigo-100 dark:bg-dark-bg w-screen md:w-1/2  xl:w-4/12 rounded-lg p-4 pb-8"
    >
      <div
        className="card-title w-full flex  flex-wrap justify-center items-center  "
      >
        <h3
          className="font-bold text-sm dark:text-white text-center w-11/12 uppercase"
        >
          Add Phase
        </h3>
        <hr
          className=" bg-primary border-gray-400 my-3 w-full"
        />
      </div>
      <div
        className="card-body"
      >
        <form
          className=" py-3 px-8"
        >
          <div
            className="input my-5 h-9 "
          >
            <div
              className="grouped-input flex items-center h-full w-full rounded-md"
            >
              <input
                className="border border-primary rounded outline-none px-5 dark:bg-dark-bg-frame dark:text-white font-sans text-xs py-2 w-full"
                name="name"
                onBlur={[Function]}
                onChange={[Function]}
                placeholder="name"
                type="text"
              />
            </div>
          </div>
          <div
            className="input my-5 h-9 "
          >
            <div
              className="grouped-input flex items-center h-full w-full rounded-md"
            >
              <input
                className="border border-primary py-2 dark:bg-dark-bg-frame dark:text-white rounded outline-none px-5 font-sans text-xs w-full"
                name="description"
                onBlur={[Function]}
                onChange={[Function]}
                placeholder="Description"
                type="text"
              />
            </div>
          </div>
          <div
            className="w-full flex justify-between"
          >
            <button
              className="btn info sm w-[30%] md:w-1/4 text-sm font-sans font-serif "
              data-testid="remove"
              disabled={false}
              onClick={[Function]}
              type="button"
            >
               
              cancel
            </button>
            <button
              className="btn primary sm w-[30%] md:w-1/4 text-sm font-sans p-0 font-serif "
              disabled={false}
              onClick={[Function]}
              type="button"
            >
               
              save
            </button>
          </div>
        </form>
      </div>
    </div>
  </div>,
  <div
    className="h-screen w-screen bg-black fixed top-0 left-0 z-20 bg-opacity-30 backdrop-blur-sm flex items-center justify-center overflow-auto p-4 hidden"
  >
    <div
      className="w-screen p-4 pb-8 bg-indigo-100 rounded-lg dark:bg-dark-bg md:w-1/2 xl:w-4/12"
    >
      <div
        className="flex flex-wrap items-center justify-center w-full card-title "
      >
        <h3
          className="w-11/12 text-sm font-bold text-center uppercase dark:text-white"
        >
          Update Phase
        </h3>
        <hr
          className="w-full my-3 border-gray-400  bg-primary"
        />
      </div>
      <div
        className="card-body"
      >
        <form
          className="px-8 py-3 "
        >
          <div
            className="my-5 input h-9 "
          >
            <div
              className="flex items-center w-full h-full rounded-md grouped-input"
            >
              <input
                className="w-full px-5 py-2 font-sans text-xs border rounded outline-none border-primary dark:bg-dark-bg-frame dark:text-white"
                name="name"
                onBlur={[Function]}
                onChange={[Function]}
                placeholder="name"
                type="text"
              />
            </div>
          </div>
          <div
            className="my-5 input h-9 "
          >
            <div
              className="flex items-center w-full h-full rounded-md grouped-input"
            >
              <input
                className="w-full px-5 py-2 font-sans text-xs border rounded outline-none border-primary dark:bg-dark-bg-frame dark:text-white"
                name="description"
                onBlur={[Function]}
                onChange={[Function]}
                placeholder="Description"
                type="text"
              />
            </div>
          </div>
          <div
            className="flex justify-between w-full"
          >
            <button
              className="btn info sm w-[30%] md:w-1/4 text-sm font-sans font-serif "
              data-testid="remove"
              disabled={false}
              onClick={[Function]}
              type="button"
            >
               
              cancel
            </button>
            <button
              className="btn primary sm w-[30%] md:w-1/4 text-sm font-sans p-0 font-serif "
              data-testid="confirmUpdateBtn"
              disabled={false}
              onClick={[Function]}
              type="button"
            >
               
              save
            </button>
          </div>
        </form>
      </div>
    </div>
  </div>,
  <div
    className="h-screen w-screen bg-black fixed top-0 left-0 z-20 bg-opacity-30 backdrop-blur-sm flex items-center justify-center overflow-auto p-4 hidden"
  >
    <div
      className="bg-indigo-100 dark:bg-dark-bg w-screen md:w-1/2  xl:w-4/12 rounded-lg p-4 pb-8"
    >
      <div
        className="card-title w-full flex  flex-wrap justify-center items-center  "
      >
        <h3
          className="font-bold text-xl dark:text-white text-center w-11/12"
        >
          Delete Phase
        </h3>
        <hr
          className=" bg-primary border-gray-400 my-3 w-full"
        />
      </div>
      <div
        className="card-body"
      >
        <form
          className=" py-3 px-8"
        >
          <div>
            <h2
              className="text-base dark:text-white text-center m-4"
            >
              do you really want to remove this Phase?
            </h2>
          </div>
          <div
            className="w-full flex justify-between"
          >
            <button
              className="btn info sm w-[30%] md:w-1/4 text-sm font-sans font-serif "
              data-testid="delete"
              disabled={false}
              onClick={[Function]}
              type="button"
            >
              Cancel
            </button>
            <button
              className="btn danger sm w-[30%] md:w-1/4 text-sm font-sans font-serif "
              data-testid="confirmDeleteBtn"
              disabled={false}
              onClick={[Function]}
              type="button"
            >
              Delete
            </button>
          </div>
        </form>
      </div>
    </div>
  </div>,
  <div
    className="bg-light-bg dark:bg-dark-frame-bg"
  >
    <div
      className="flex items-right pb-8"
    >
      <div
        className="flex gap-2"
      >
        <button
          className="btn primary lg m-0 font-serif "
          data-testid="removeModel"
          disabled={false}
          onClick={[Function]}
          type="button"
        >
           
          Phase
           
            
          +
        </button>
      </div>
    </div>
    <div
      className=""
    >
      <div
        className="p-4"
      >
        <span
          aria-busy={true}
          aria-live="polite"
        >
          <span
            className="react-loading-skeleton"
            style={
              Object {
                "height": 30,
                "width": 80,
              }
            }
          >
            ‌
          </span>
          <br />
        </span>
        <span
          aria-busy={true}
          aria-live="polite"
        >
          <span
            className="react-loading-skeleton mt-6"
            style={
              Object {
                "height": 30,
                "width": "40%",
              }
            }
          >
            ‌
          </span>
          <br />
        </span>
        <div
          className="p-6 border-b-2 bg-gray-100 mt-6"
        >
          <div
            className="flex px-6"
          >
            <span
              aria-busy={true}
              aria-live="polite"
            >
              <span
                className="react-loading-skeleton px-6 "
                style={
                  Object {
                    "height": 20,
                    "width": 100,
                  }
                }
              >
                ‌
              </span>
              <br />
            </span>
            <span
              aria-busy={true}
              aria-live="polite"
            >
              <span
                className="react-loading-skeleton  px-6 ml-20"
                style={
                  Object {
                    "height": 20,
                    "width": 100,
                  }
                }
              >
                ‌
              </span>
              <br />
            </span>
            <span
              aria-busy={true}
              aria-live="polite"
            >
              <span
                className="react-loading-skeleton  px-6 ml-20"
                style={
                  Object {
                    "height": 20,
                    "width": 100,
                  }
                }
              >
                ‌
              </span>
              <br />
            </span>
            <span
              aria-busy={true}
              aria-live="polite"
            >
              <span
                className="react-loading-skeleton px-6 ml-20"
                style={
                  Object {
                    "height": 20,
                    "width": 100,
                  }
                }
              >
                ‌
              </span>
              <br />
            </span>
            <span
              aria-busy={true}
              aria-live="polite"
            >
              <span
                className="react-loading-skeleton px-6 ml-28"
                style={
                  Object {
                    "height": 20,
                    "width": 100,
                  }
                }
              >
                ‌
              </span>
              <br />
            </span>
          </div>
        </div>
        <div
          className="flex items-center mb-4"
        >
          <div
            className="flex-1"
          >
            <span
              aria-busy={true}
              aria-live="polite"
            >
              <span
                className="react-loading-skeleton mt-2"
                style={
                  Object {
                    "height": 20,
                    "width": "85%",
                  }
                }
              >
                ‌
              </span>
              <br />
            </span>
          </div>
          <div
            className="flex space-x-4 mr-16"
          >
            <span
              aria-busy={true}
              aria-live="polite"
            >
              <span
                className="react-loading-skeleton"
                style={
                  Object {
                    "borderRadius": "50%",
                    "height": 30,
                    "width": 30,
                  }
                }
              >
                ‌
              </span>
              <br />
            </span>
            <span
              aria-busy={true}
              aria-live="polite"
            >
              <span
                className="react-loading-skeleton"
                style={
                  Object {
                    "borderRadius": "50%",
                    "height": 30,
                    "width": 30,
                  }
                }
              >
                ‌
              </span>
              <br />
            </span>
            <span
              aria-busy={true}
              aria-live="polite"
            >
              <span
                className="react-loading-skeleton"
                style={
                  Object {
                    "borderRadius": "50%",
                    "height": 30,
                    "width": 30,
                  }
                }
              >
                ‌
              </span>
              <br />
            </span>
          </div>
        </div>
        <div
          className="flex items-center mb-4"
        >
          <div
            className="flex-1"
          >
            <span
              aria-busy={true}
              aria-live="polite"
            >
              <span
                className="react-loading-skeleton mt-2"
                style={
                  Object {
                    "height": 20,
                    "width": "85%",
                  }
                }
              >
                ‌
              </span>
              <br />
            </span>
          </div>
          <div
            className="flex space-x-4 mr-16"
          >
            <span
              aria-busy={true}
              aria-live="polite"
            >
              <span
                className="react-loading-skeleton"
                style={
                  Object {
                    "borderRadius": "50%",
                    "height": 30,
                    "width": 30,
                  }
                }
              >
                ‌
              </span>
              <br />
            </span>
            <span
              aria-busy={true}
              aria-live="polite"
            >
              <span
                className="react-loading-skeleton"
                style={
                  Object {
                    "borderRadius": "50%",
                    "height": 30,
                    "width": 30,
                  }
                }
              >
                ‌
              </span>
              <br />
            </span>
            <span
              aria-busy={true}
              aria-live="polite"
            >
              <span
                className="react-loading-skeleton"
                style={
                  Object {
                    "borderRadius": "50%",
                    "height": 30,
                    "width": 30,
                  }
                }
              >
                ‌
              </span>
              <br />
            </span>
          </div>
        </div>
        <div
          className="flex items-center mb-4"
        >
          <div
            className="flex-1"
          >
            <span
              aria-busy={true}
              aria-live="polite"
            >
              <span
                className="react-loading-skeleton mt-2"
                style={
                  Object {
                    "height": 20,
                    "width": "85%",
                  }
                }
              >
                ‌
              </span>
              <br />
            </span>
          </div>
          <div
            className="flex space-x-4 mr-16"
          >
            <span
              aria-busy={true}
              aria-live="polite"
            >
              <span
                className="react-loading-skeleton"
                style={
                  Object {
                    "borderRadius": "50%",
                    "height": 30,
                    "width": 30,
                  }
                }
              >
                ‌
              </span>
              <br />
            </span>
            <span
              aria-busy={true}
              aria-live="polite"
            >
              <span
                className="react-loading-skeleton"
                style={
                  Object {
                    "borderRadius": "50%",
                    "height": 30,
                    "width": 30,
                  }
                }
              >
                ‌
              </span>
              <br />
            </span>
            <span
              aria-busy={true}
              aria-live="polite"
            >
              <span
                className="react-loading-skeleton"
                style={
                  Object {
                    "borderRadius": "50%",
                    "height": 30,
                    "width": 30,
                  }
                }
              >
                ‌
              </span>
              <br />
            </span>
          </div>
        </div>
        <div
          className="flex  justify-between"
        >
          <div
            className="flex space-x-4 p-4"
          >
            <span
              aria-busy={true}
              aria-live="polite"
            >
              <span
                className="react-loading-skeleton"
                style={
                  Object {
                    "height": 30,
                    "width": 50,
                  }
                }
              >
                ‌
              </span>
              <br />
            </span>
            <span
              aria-busy={true}
              aria-live="polite"
            >
              <span
                className="react-loading-skeleton"
                style={
                  Object {
                    "height": 30,
                    "width": 50,
                  }
                }
              >
                ‌
              </span>
              <br />
            </span>
          </div>
          <div
            className="mr-14"
          >
            <span
              aria-busy={true}
              aria-live="polite"
            >
              <span
                className="react-loading-skeleton"
                style={
                  Object {
                    "height": 30,
                    "width": 300,
                  }
                }
              >
                ‌
              </span>
              <br />
            </span>
          </div>
        </div>
      </div>
    </div>
  </div>,
]
`;
